Component: ARM Compiler 5.05 update 1 (build 106) Tool: armlink [4d0efa]

==============================================================================

Section Cross References

    main.o(i.main) refers to delay.o(i.delay_init) for delay_init
    main.o(i.main) refers to usart.o(i.uart_init) for uart_init
    main.o(i.main) refers to led.o(i.LED_Init) for LED_Init
    main.o(i.main) refers to timer.o(i.TIM3_Int_Init) for TIM3_Int_Init
    main.o(i.main) refers to oled.o(i.OLED_Init) for OLED_Init
    main.o(i.main) refers to oled.o(i.OLED_ShowString) for OLED_ShowString
    main.o(i.main) refers to lwip_demo.o(i.lwip_demo) for lwip_demo
    system_stm32f4xx.o(i.SystemCoreClockUpdate) refers to system_stm32f4xx.o(.data) for SystemCoreClock
    system_stm32f4xx.o(i.SystemInit) refers to system_stm32f4xx.o(i.SetSysClock) for SetSysClock
    lwip_demo.o(i.EXTI4_IRQHandler) refers to stm32f4xx_exti.o(i.EXTI_GetITStatus) for EXTI_GetITStatus
    lwip_demo.o(i.EXTI4_IRQHandler) refers to ethernetif.o(i.process_mac) for process_mac
    lwip_demo.o(i.EXTI4_IRQHandler) refers to stm32f4xx_exti.o(i.EXTI_ClearITPendingBit) for EXTI_ClearITPendingBit
    lwip_demo.o(i.lwip_demo) refers to lwip_demo.o(i.lwip_early_init) for lwip_early_init
    lwip_demo.o(i.lwip_demo) refers to timers.o(i.sys_check_timeouts) for sys_check_timeouts
    lwip_demo.o(i.lwip_demo) refers to stm32f4xx_gpio.o(i.GPIO_ToggleBits) for GPIO_ToggleBits
    lwip_demo.o(i.lwip_early_init) refers to init.o(i.lwip_init) for lwip_init
    lwip_demo.o(i.lwip_early_init) refers to netif.o(i.netif_add) for netif_add
    lwip_demo.o(i.lwip_early_init) refers to netif.o(i.netif_set_default) for netif_set_default
    lwip_demo.o(i.lwip_early_init) refers to netif.o(i.netif_set_up) for netif_set_up
    lwip_demo.o(i.lwip_early_init) refers to etharp.o(i.ethernet_input) for ethernet_input
    lwip_demo.o(i.lwip_early_init) refers to ethernetif.o(i.ethernetif_init) for ethernetif_init
    lwip_demo.o(i.lwip_early_init) refers to lwip_demo.o(.bss) for enc28j60_netif
    led.o(i.LED_Init) refers to stm32f4xx_rcc.o(i.RCC_AHB1PeriphClockCmd) for RCC_AHB1PeriphClockCmd
    led.o(i.LED_Init) refers to stm32f4xx_gpio.o(i.GPIO_Init) for GPIO_Init
    led.o(i.LED_Init) refers to stm32f4xx_gpio.o(i.GPIO_ResetBits) for GPIO_ResetBits
    spi.o(i.SPI1_Init) refers to stm32f4xx_rcc.o(i.RCC_AHB1PeriphClockCmd) for RCC_AHB1PeriphClockCmd
    spi.o(i.SPI1_Init) refers to stm32f4xx_rcc.o(i.RCC_APB2PeriphClockCmd) for RCC_APB2PeriphClockCmd
    spi.o(i.SPI1_Init) refers to stm32f4xx_gpio.o(i.GPIO_Init) for GPIO_Init
    spi.o(i.SPI1_Init) refers to stm32f4xx_gpio.o(i.GPIO_PinAFConfig) for GPIO_PinAFConfig
    spi.o(i.SPI1_Init) refers to stm32f4xx_rcc.o(i.RCC_APB2PeriphResetCmd) for RCC_APB2PeriphResetCmd
    spi.o(i.SPI1_Init) refers to stm32f4xx_spi.o(i.SPI_Init) for SPI_Init
    spi.o(i.SPI1_Init) refers to stm32f4xx_spi.o(i.SPI_Cmd) for SPI_Cmd
    spi.o(i.SPI1_Init) refers to spi.o(i.SPI1_ReadWriteByte) for SPI1_ReadWriteByte
    spi.o(i.SPI1_ReadWriteByte) refers to stm32f4xx_spi.o(i.SPI_I2S_GetFlagStatus) for SPI_I2S_GetFlagStatus
    spi.o(i.SPI1_ReadWriteByte) refers to stm32f4xx_spi.o(i.SPI_I2S_SendData) for SPI_I2S_SendData
    spi.o(i.SPI1_ReadWriteByte) refers to stm32f4xx_spi.o(i.SPI_I2S_ReceiveData) for SPI_I2S_ReceiveData
    spi.o(i.SPI1_SetSpeed) refers to stm32f4xx_spi.o(i.SPI_Cmd) for SPI_Cmd
    enc28j60.o(i.enc28j60Init) refers to enc28j60.o(i.enc28j60_gpio_init) for enc28j60_gpio_init
    enc28j60.o(i.enc28j60Init) refers to spi.o(i.SPI1_Init) for SPI1_Init
    enc28j60.o(i.enc28j60Init) refers to delay.o(i.delay_ms) for delay_ms
    enc28j60.o(i.enc28j60Init) refers to enc28j60.o(i.enc28j60WriteOp) for enc28j60WriteOp
    enc28j60.o(i.enc28j60Init) refers to enc28j60.o(i.enc28j60Read) for enc28j60Read
    enc28j60.o(i.enc28j60Init) refers to enc28j60.o(i.enc28j60Write) for enc28j60Write
    enc28j60.o(i.enc28j60Init) refers to enc28j60.o(i.enc28j60PhyWrite) for enc28j60PhyWrite
    enc28j60.o(i.enc28j60Init) refers to enc28j60.o(i.enc28j60SetBank) for enc28j60SetBank
    enc28j60.o(i.enc28j60Init) refers to enc28j60.o(.data) for NextPacketPtr
    enc28j60.o(i.enc28j60PacketReceive) refers to enc28j60.o(i.enc28j60Read) for enc28j60Read
    enc28j60.o(i.enc28j60PacketReceive) refers to enc28j60.o(i.enc28j60Write) for enc28j60Write
    enc28j60.o(i.enc28j60PacketReceive) refers to enc28j60.o(i.enc28j60ReadOp) for enc28j60ReadOp
    enc28j60.o(i.enc28j60PacketReceive) refers to enc28j60.o(i.enc28j60ReadBuffer) for enc28j60ReadBuffer
    enc28j60.o(i.enc28j60PacketReceive) refers to enc28j60.o(i.enc28j60WriteOp) for enc28j60WriteOp
    enc28j60.o(i.enc28j60PacketReceive) refers to enc28j60.o(.data) for NextPacketPtr
    enc28j60.o(i.enc28j60PacketSend) refers to enc28j60.o(i.enc28j60Read) for enc28j60Read
    enc28j60.o(i.enc28j60PacketSend) refers to enc28j60.o(i.enc28j60Write) for enc28j60Write
[...]
    memp_num                                 0x0800b916   Data          20  memp.o(.constdata)
    .constdata                               0x0800b92c   Section       40  stats.o(.constdata)
    .constdata                               0x0800b954   Section       80  tcp.o(.constdata)
    .constdata                               0x0800b9a4   Section       40  _printf_hex_int_ptr.o(.constdata)
    uc_hextab                                0x0800b9a4   Data          20  _printf_hex_int_ptr.o(.constdata)
    lc_hextab                                0x0800b9b8   Data          20  _printf_hex_int_ptr.o(.constdata)
    .constdata                               0x0800b9cc   Section       17  __printf_flags_wp.o(.constdata)
    maptable                                 0x0800b9cc   Data          17  __printf_flags_wp.o(.constdata)
    .conststring                             0x0800b9e0   Section      780  etharp.o(.conststring)
    .conststring                             0x0800bcec   Section      112  stats.o(.conststring)
    .conststring                             0x0800bd5c   Section      109  tcp.o(.conststring)
    .conststring                             0x0800bdcc   Section       85  tcp_out.o(.conststring)
    .data                                    0x20000000   Section        8  enc28j60.o(.data)
    Enc28j60Bank                             0x20000000   Data           1  enc28j60.o(.data)
    NextPacketPtr                            0x20000004   Data           4  enc28j60.o(.data)
    .data                                    0x20000008   Section        4  timer.o(.data)
    .data                                    0x2000000c   Section        4  delay.o(.data)
    fac_us                                   0x2000000c   Data           1  delay.o(.data)
    fac_ms                                   0x2000000e   Data           2  delay.o(.data)
    .data                                    0x20000010   Section        6  usart.o(.data)
    .data                                    0x20000016   Section       16  stm32f4xx_rcc.o(.data)
    APBAHBPrescTable                         0x20000016   Data          16  stm32f4xx_rcc.o(.data)
    .data                                    0x20000026   Section        1  etharp.o(.data)
    etharp_cached_entry                      0x20000026   Data           1  etharp.o(.data)
    .data                                    0x20000027   Section        6  ethernetif.o(.data)
    mac_id                                   0x20000027   Data           6  ethernetif.o(.data)
    .data                                    0x20000030   Section       12  mem.o(.data)
    ram                                      0x20000030   Data           4  mem.o(.data)
    ram_end                                  0x20000034   Data           4  mem.o(.data)
    lfree                                    0x20000038   Data           4  mem.o(.data)
    .data                                    0x2000003c   Section        9  netif.o(.data)
    netif_num                                0x20000044   Data           1  netif.o(.data)
    .data                                    0x20000045   Section        1  pbuf.o(.data)
    .data                                    0x20000048   Section        4  raw.o(.data)
    raw_pcbs                                 0x20000048   Data           4  raw.o(.data)
    .data                                    0x2000004c   Section       36  tcp.o(.data)
    tcp_port                                 0x2000004c   Data           2  tcp.o(.data)
    tcp_timer                                0x20000069   Data           1  tcp.o(.data)
    tcp_timer_ctr                            0x2000006a   Data           1  tcp.o(.data)
    iss                                      0x2000006c   Data           4  tcp.o(.data)
    .data                                    0x20000070   Section       32  tcp_in.o(.data)
    tcphdr                                   0x20000070   Data           4  tcp_in.o(.data)
    iphdr                                    0x20000074   Data           4  tcp_in.o(.data)
    seqno                                    0x20000078   Data           4  tcp_in.o(.data)
    ackno                                    0x2000007c   Data           4  tcp_in.o(.data)
    flags                                    0x20000080   Data           1  tcp_in.o(.data)
    tcplen                                   0x20000082   Data           2  tcp_in.o(.data)
    recv_flags                               0x20000084   Data           1  tcp_in.o(.data)
    recv_data                                0x20000088   Data           4  tcp_in.o(.data)
    .data                                    0x20000090   Section       12  timers.o(.data)
    next_timeout                             0x20000090   Data           4  timers.o(.data)
    timeouts_last_time                       0x20000094   Data           4  timers.o(.data)
    tcpip_tcp_timer_active                   0x20000098   Data           4  timers.o(.data)
    .data                                    0x2000009c   Section        8  udp.o(.data)
    udp_port                                 0x2000009c   Data           2  udp.o(.data)
    .data                                    0x200000a4   Section       18  ip.o(.data)
    ip_id                                    0x200000b4   Data           2  ip.o(.data)
    .data                                    0x200000b8   Section        6  ip_frag.o(.data)
    reassdatagrams                           0x200000b8   Data           4  ip_frag.o(.data)
    ip_reass_pbufcount                       0x200000bc   Data           2  ip_frag.o(.data)
    .bss                                     0x200000c0   Section       48  lwip_demo.o(.bss)
    .bss                                     0x200000f0   Section     1024  oled.o(.bss)
    .bss                                     0x200004f0   Section      200  usart.o(.bss)
    .bss                                     0x200005b8   Section      200  etharp.o(.bss)
    arp_table                                0x200005b8   Data         200  etharp.o(.bss)
    .bss                                     0x20000680   Section     3000  ethernetif.o(.bss)
    send_buf                                 0x20000680   Data        1500  ethernetif.o(.bss)
    recv_buf                                 0x20000c5c   Data        1500  ethernetif.o(.bss)
    .bss                                     0x20001238   Section    40980  mem.o(.bss)
    .bss                                     0x2000b24c   Section    19563  memp.o(.bss)
    memp_tab                                 0x2000b24c   Data          40  memp.o(.bss)
    memp_memory                              0x2000b274   Data       19523  memp.o(.bss)
    .bss                                     0x2000feb8   Section      344  stats.o(.bss)
    .bss                                     0x20010010   Section       20  tcp_in.o(.bss)
    inseg                                    0x20010010   Data          20  tcp_in.o(.bss)
    .bss                                     0x20010024   Section       96  libspace.o(.bss)
    HEAP                                     0x20010088   Section      512  startup_stm32f40_41xxx.o(HEAP)
    Heap_Mem                                 0x20010088   Data         512  startup_stm32f40_41xxx.o(HEAP)
    STACK                                    0x20010288   Section     1024  startup_stm32f40_41xxx.o(STACK)
    Stack_Mem                                0x20010288   Data        1024  startup_stm32f40_41xxx.o(STACK)
    __initial_sp                             0x20010688   Data           0  startup_stm32f40_41xxx.o(STACK)

    Global Symbols

    Symbol Name                              Value     Ov Type        Size  Object(Section)

    BuildAttributes$$THM_ISAv4$E$P$D$K$B$S$7EM$VFPi3$EXTD16$VFPS$VFMA$PE$A:L22UL41UL21$X:L11$S22US41US21$IEEE1$IW$USESV6$~STKCKD$USESV7$~SHL$OSPACE$ROPI$EBA8$UX$STANDARDLIB$REQ8$PRES8$EABIv2 0x00000000   Number         0  anon$$obj.o ABSOLUTE
    __ARM_use_no_argv                        0x00000000   Number         0  main.o ABSOLUTE
    _printf_flags                            0x00000000   Number         0  printf_stubs.o ABSOLUTE
    _printf_return_value                     0x00000000   Number         0  printf_stubs.o ABSOLUTE
    _printf_sizespec                         0x00000000   Number         0  printf_stubs.o ABSOLUTE
    _printf_widthprec                        0x00000000   Number         0  printf_stubs.o ABSOLUTE
    __ARM_exceptions_init                     - Undefined Weak Reference
    __alloca_initialize                       - Undefined Weak Reference
    __arm_preinit_                            - Undefined Weak Reference
    __cpp_initialize__aeabi_                  - Undefined Weak Reference
    __cxa_finalize                            - Undefined Weak Reference
    __rt_locale                               - Undefined Weak Reference
    __sigvec_lookup                           - Undefined Weak Reference
    _atexit_init                              - Undefined Weak Reference
    _call_atexit_fns                          - Undefined Weak Reference
    _clock_init                               - Undefined Weak Reference
    _fp_trap_init                             - Undefined Weak Reference
    _fp_trap_shutdown                         - Undefined Weak Reference
    _get_lc_collate                           - Undefined Weak Reference
    _get_lc_ctype                             - Undefined Weak Reference
    _get_lc_monetary                          - Undefined Weak Reference
    _get_lc_numeric                           - Undefined Weak Reference
    _get_lc_time                              - Undefined Weak Reference
    _getenv_init                              - Undefined Weak Reference
    _handle_redirection                       - Undefined Weak Reference
    _init_alloc                               - Undefined Weak Reference
    _init_user_alloc                          - Undefined Weak Reference
    _initio                                   - Undefined Weak Reference
    _mutex_acquire                            - Undefined Weak Reference
    _mutex_release                            - Undefined Weak Reference
    _printf_mbtowc                            - Undefined Weak Reference
    _printf_truncate_signed                   - Undefined Weak Reference
    _printf_truncate_unsigned                 - Undefined Weak Reference
    _rand_init                                - Undefined Weak Reference
    _signal_finish                            - Undefined Weak Reference
    _signal_init                              - Undefined Weak Reference
    _terminate_alloc                          - Undefined Weak Reference
    _terminate_user_alloc                     - Undefined Weak Reference
    _terminateio                              - Undefined Weak Reference
    __Vectors_Size                           0x00000188   Number         0  startup_stm32f40_41xxx.o ABSOLUTE
    __Vectors                                0x08000000   Data           4  startup_stm32f40_41xxx.o(RESET)
    __Vectors_End                            0x08000188   Data           0  startup_stm32f40_41xxx.o(RESET)
    __main                                   0x08000189   Thumb Code     8  __main.o(!!!main)
    __scatterload                            0x08000191   Thumb Code     0  __scatter.o(!!!scatter)
    __scatterload_rt2                        0x08000191   Thumb Code    44  __scatter.o(!!!scatter)
    __scatterload_rt2_thumb_only             0x08000191   Thumb Code     0  __scatter.o(!!!scatter)
    __scatterload_null                       0x0800019f   Thumb Code     0  __scatter.o(!!!scatter)
    __scatterload_copy                       0x080001c5   Thumb Code    26  __scatter_copy.o(!!handler_copy)
    __scatterload_zeroinit                   0x080001e1   Thumb Code    28  __scatter_zi.o(!!handler_zi)
    _printf_p                                0x080001fd   Thumb Code     0  _printf_p.o(.ARM.Collect$$_printf_percent$$00000002)
    _printf_percent                          0x080001fd   Thumb Code     0  _printf_percent.o(.ARM.Collect$$_printf_percent$$00000000)
    _printf_d                                0x08000203   Thumb Code     0  _printf_d.o(.ARM.Collect$$_printf_percent$$00000009)
    _printf_u                                0x08000209   Thumb Code     0  _printf_u.o(.ARM.Collect$$_printf_percent$$0000000A)
    _printf_x                                0x0800020f   Thumb Code     0  _printf_x.o(.ARM.Collect$$_printf_percent$$0000000C)
    _printf_c                                0x08000215   Thumb Code     0  _printf_c.o(.ARM.Collect$$_printf_percent$$00000013)
    _printf_s                                0x0800021b   Thumb Code     0  _printf_s.o(.ARM.Collect$$_printf_percent$$00000014)
    _printf_percent_end                      0x08000221   Thumb Code     0  _printf_percent_end.o(.ARM.Collect$$_printf_percent$$00000017)
    __rt_lib_init                            0x08000225   Thumb Code     0  libinit.o(.ARM.Collect$$libinit$$00000000)
    __rt_lib_init_fp_1                       0x08000227   Thumb Code     0  libinit2.o(.ARM.Collect$$libinit$$00000001)
    __rt_lib_init_alloca_1                   0x0800022b   Thumb Code     0  libinit2.o(.ARM.Collect$$libinit$$0000002E)
    __rt_lib_init_argv_1                     0x0800022b   Thumb Code     0  libinit2.o(.ARM.Collect$$libinit$$0000002C)
    __rt_lib_init_atexit_1                   0x0800022b   Thumb Code     0  libinit2.o(.ARM.Collect$$libinit$$0000001B)
    __rt_lib_init_clock_1                    0x0800022b   Thumb Code     0  libinit2.o(.ARM.Collect$$libinit$$00000021)
    __rt_lib_init_cpp_1                      0x0800022b   Thumb Code     0  libinit2.o(.ARM.Collect$$libinit$$00000032)
    __rt_lib_init_exceptions_1               0x0800022b   Thumb Code     0  libinit2.o(.ARM.Collect$$libinit$$00000030)
    __rt_lib_init_fp_trap_1                  0x0800022b   Thumb Code     0  libinit2.o(.ARM.Collect$$libinit$$0000001F)
    __rt_lib_init_getenv_1                   0x0800022b   Thumb Code     0  libinit2.o(.ARM.Collect$$libinit$$00000023)
    __rt_lib_init_heap_1                     0x0800022b   Thumb Code     0  libinit2.o(.ARM.Collect$$libinit$$0000000A)
    __rt_lib_init_lc_collate_1               0x0800022b   Thumb Code     0  libinit2.o(.ARM.Collect$$libinit$$00000011)
    __rt_lib_init_lc_ctype_1                 0x0800022b   Thumb Code     0  libinit2.o(.ARM.Collect$$libinit$$00000013)
    __rt_lib_init_lc_monetary_1              0x0800022b   Thumb Code     0  libinit2.o(.ARM.Collect$$libinit$$00000015)
    __rt_lib_init_lc_numeric_1               0x0800022b   Thumb Code     0  libinit2.o(.ARM.Collect$$libinit$$00000017)
    __rt_lib_init_lc_time_1                  0x0800022b   Thumb Code     0  libinit2.o(.ARM.Collect$$libinit$$00000019)
    __rt_lib_init_preinit_1                  0x0800022b   Thumb Code     0  libinit2.o(.ARM.Collect$$libinit$$00000004)
    __rt_lib_init_rand_1                     0x0800022b   Thumb Code     0  libinit2.o(.ARM.Collect$$libinit$$0000000E)
    __rt_lib_init_return                     0x0800022b   Thumb Code     0  libinit2.o(.ARM.Collect$$libinit$$00000033)
    __rt_lib_init_signal_1                   0x0800022b   Thumb Code     0  libinit2.o(.ARM.Collect$$libinit$$0000001D)
    __rt_lib_init_stdio_1                    0x0800022b   Thumb Code     0  libinit2.o(.ARM.Collect$$libinit$$00000025)
    __rt_lib_init_user_alloc_1               0x0800022b   Thumb Code     0  libinit2.o(.ARM.Collect$$libinit$$0000000C)
    __rt_lib_shutdown                        0x0800022d   Thumb Code     0  libshutdown.o(.ARM.Collect$$libshutdown$$00000000)
    __rt_lib_shutdown_fp_trap_1              0x0800022f   Thumb Code     0  libshutdown2.o(.ARM.Collect$$libshutdown$$00000006)
    __rt_lib_shutdown_heap_1                 0x0800022f   Thumb Code     0  libshutdown2.o(.ARM.Collect$$libshutdown$$0000000E)
    __rt_lib_shutdown_return                 0x0800022f   Thumb Code     0  libshutdown2.o(.ARM.Collect$$libshutdown$$0000000F)
    __rt_lib_shutdown_signal_1               0x0800022f   Thumb Code     0  libshutdown2.o(.ARM.Collect$$libshutdown$$00000009)
    __rt_lib_shutdown_stdio_1                0x0800022f   Thumb Code     0  libshutdown2.o(.ARM.Collect$$libshutdown$$00000003)
    __rt_lib_shutdown_user_alloc_1           0x0800022f   Thumb Code     0  libshutdown2.o(.ARM.Collect$$libshutdown$$0000000B)
    __rt_entry                               0x08000231   Thumb Code     0  __rtentry.o(.ARM.Collect$$rtentry$$00000000)
    __rt_entry_presh_1                       0x08000231   Thumb Code     0  __rtentry2.o(.ARM.Collect$$rtentry$$00000002)
    __rt_entry_sh                            0x08000231   Thumb Code     0  __rtentry4.o(.ARM.Collect$$rtentry$$00000004)
    __rt_entry_li                            0x08000237   Thumb Code     0  __rtentry2.o(.ARM.Collect$$rtentry$$0000000A)
    __rt_entry_postsh_1                      0x08000237   Thumb Code     0  __rtentry2.o(.ARM.Collect$$rtentry$$00000009)
    __rt_entry_main                          0x0800023b   Thumb Code     0  __rtentry2.o(.ARM.Collect$$rtentry$$0000000D)
    __rt_entry_postli_1                      0x0800023b   Thumb Code     0  __rtentry2.o(.ARM.Collect$$rtentry$$0000000C)
    __rt_exit                                0x08000243   Thumb Code     0  rtexit.o(.ARM.Collect$$rtexit$$00000000)
    __rt_exit_ls                             0x08000245   Thumb Code     0  rtexit2.o(.ARM.Collect$$rtexit$$00000003)
    __rt_exit_prels_1                        0x08000245   Thumb Code     0  rtexit2.o(.ARM.Collect$$rtexit$$00000002)
    __rt_exit_exit                           0x08000249   Thumb Code     0  rtexit2.o(.ARM.Collect$$rtexit$$00000004)
    Reset_Handler                            0x08000251   Thumb Code     8  startup_stm32f40_41xxx.o(.text)
    ADC_IRQHandler                           0x0800026b   Thumb Code     0  startup_stm32f40_41xxx.o(.text)
    CAN1_RX0_IRQHandler                      0x0800026b   Thumb Code     0  startup_stm32f40_41xxx.o(.text)
    CAN1_RX1_IRQHandler                      0x0800026b   Thumb Code     0  startup_stm32f40_41xxx.o(.text)
    CAN1_SCE_IRQHandler                      0x0800026b   Thumb Code     0  startup_stm32f40_41xxx.o(.text)
    CAN1_TX_IRQHandler                       0x0800026b   Thumb Code     0  startup_stm32f40_41xxx.o(.text)
    CAN2_RX0_IRQHandler                      0x0800026b   Thumb Code     0  startup_stm32f40_41xxx.o(.text)
    CAN2_RX1_IRQHandler                      0x0800026b   Thumb Code     0  startup_stm32f40_41xxx.o(.text)
    CAN2_SCE_IRQHandler                      0x0800026b   Thumb Code     0  startup_stm32f40_41xxx.o(.text)
    CAN2_TX_IRQHandler                       0x0800026b   Thumb Code     0  startup_stm32f40_41xxx.o(.text)
    CRYP_IRQHandler                          0x0800026b   Thumb Code     0  startup_stm32f40_41xxx.o(.text)
    DCMI_IRQHandler                          0x0800026b   Thumb Code     0  startup_stm32f40_41xxx.o(.text)
    DMA1_Stream0_IRQHandler                  0x0800026b   Thumb Code     0  startup_stm32f40_41xxx.o(.text)
    DMA1_Stream1_IRQHandler                  0x0800026b   Thumb Code     0  startup_stm32f40_41xxx.o(.text)
    DMA1_Stream2_IRQHandler                  0x0800026b   Thumb Code     0  startup_stm32f40_41xxx.o(.text)
    DMA1_Stream3_IRQHandler                  0x0800026b   Thumb Code     0  startup_stm32f40_41xxx.o(.text)
    DMA1_Stream4_IRQHandler                  0x0800026b   Thumb Code     0  startup_stm32f40_41xxx.o(.text)
    DMA1_Stream5_IRQHandler                  0x0800026b   Thumb Code     0  startup_stm32f40_41xxx.o(.text)
    DMA1_Stream6_IRQHandler                  0x0800026b   Thumb Code     0  startup_stm32f40_41xxx.o(.text)
    DMA1_Stream7_IRQHandler                  0x0800026b   Thumb Code     0  startup_stm32f40_41xxx.o(.text)
    DMA2_Stream0_IRQHandler                  0x0800026b   Thumb Code     0  startup_stm32f40_41xxx.o(.text)
    DMA2_Stream1_IRQHandler                  0x0800026b   Thumb Code     0  startup_stm32f40_41xxx.o(.text)
    DMA2_Stream2_IRQHandler                  0x0800026b   Thumb Code     0  startup_stm32f40_41xxx.o(.text)
    DMA2_Stream3_IRQHandler                  0x0800026b   Thumb Code     0  startup_stm32f40_41xxx.o(.text)
    DMA2_Stream4_IRQHandler                  0x0800026b   Thumb Code     0  startup_stm32f40_41xxx.o(.text)
    DMA2_Stream5_IRQHandler                  0x0800026b   Thumb Code     0  startup_stm32f40_41xxx.o(.text)
    DMA2_Stream6_IRQHandler                  0x0800026b   Thumb Code     0  startup_stm32f40_41xxx.o(.text)
    DMA2_Stream7_IRQHandler                  0x0800026b   Thumb Code     0  startup_stm32f40_41xxx.o(.text)
    ETH_IRQHandler                           0x0800026b   Thumb Code     0  startup_stm32f40_41xxx.o(.text)
    ETH_WKUP_IRQHandler                      0x0800026b   Thumb Code     0  startup_stm32f40_41xxx.o(.text)
    EXTI0_IRQHandler                         0x0800026b   Thumb Code     0  startup_stm32f40_41xxx.o(.text)
    EXTI15_10_IRQHandler                     0x0800026b   Thumb Code     0  startup_stm32f40_41xxx.o(.text)
    EXTI1_IRQHandler                         0x0800026b   Thumb Code     0  startup_stm32f40_41xxx.o(.text)
    EXTI2_IRQHandler                         0x0800026b   Thumb Code     0  startup_stm32f40_41xxx.o(.text)
    EXTI3_IRQHandler                         0x0800026b   Thumb Code     0  startup_stm32f40_41xxx.o(.text)
    EXTI9_5_IRQHandler                       0x0800026b   Thumb Code     0  startup_stm32f40_41xxx.o(.text)
    FLASH_IRQHandler                         0x0800026b   Thumb Code     0  startup_stm32f40_41xxx.o(.text)
    FPU_IRQHandler                           0x0800026b   Thumb Code     0  startup_stm32f40_41xxx.o(.text)
    FSMC_IRQHandler                          0x0800026b   Thumb Code     0  startup_stm32f40_41xxx.o(.text)
    HASH_RNG_IRQHandler                      0x0800026b   Thumb Code     0  startup_stm32f40_41xxx.o(.text)
    I2C1_ER_IRQHandler                       0x0800026b   Thumb Code     0  startup_stm32f40_41xxx.o(.text)
    I2C1_EV_IRQHandler                       0x0800026b   Thumb Code     0  startup_stm32f40_41xxx.o(.text)
    I2C2_ER_IRQHandler                       0x0800026b   Thumb Code     0  startup_stm32f40_41xxx.o(.text)
    I2C2_EV_IRQHandler                       0x0800026b   Thumb Code     0  startup_stm32f40_41xxx.o(.text)
    I2C3_ER_IRQHandler                       0x0800026b   Thumb Code     0  startup_stm32f40_41xxx.o(.text)
    I2C3_EV_IRQHandler                       0x0800026b   Thumb Code     0  startup_stm32f40_41xxx.o(.text)
    OTG_FS_IRQHandler                        0x0800026b   Thumb Code     0  startup_stm32f40_41xxx.o(.text)
    OTG_FS_WKUP_IRQHandler                   0x0800026b   Thumb Code     0  startup_stm32f40_41xxx.o(.text)
    OTG_HS_EP1_IN_IRQHandler                 0x0800026b   Thumb Code     0  startup_stm32f40_41xxx.o(.text)
    OTG_HS_EP1_OUT_IRQHandler                0x0800026b   Thumb Code     0  startup_stm32f40_41xxx.o(.text)
    OTG_HS_IRQHandler                        0x0800026b   Thumb Code     0  startup_stm32f40_41xxx.o(.text)
    OTG_HS_WKUP_IRQHandler                   0x0800026b   Thumb Code     0  startup_stm32f40_41xxx.o(.text)
    PVD_IRQHandler                           0x0800026b   Thumb Code     0  startup_stm32f40_41xxx.o(.text)
    RCC_IRQHandler                           0x0800026b   Thumb Code     0  startup_stm32f40_41xxx.o(.text)
    RTC_Alarm_IRQHandler                     0x0800026b   Thumb Code     0  startup_stm32f40_41xxx.o(.text)
    RTC_WKUP_IRQHandler                      0x0800026b   Thumb Code     0  startup_stm32f40_41xxx.o(.text)
    SDIO_IRQHandler                          0x0800026b   Thumb Code     0  startup_stm32f40_41xxx.o(.text)
    SPI1_IRQHandler                          0x0800026b   Thumb Code     0  startup_stm32f40_41xxx.o(.text)
    SPI2_IRQHandler                          0x0800026b   Thumb Code     0  startup_stm32f40_41xxx.o(.text)
    SPI3_IRQHandler                          0x0800026b   Thumb Code     0  startup_stm32f40_41xxx.o(.text)
    TAMP_STAMP_IRQHandler                    0x0800026b   Thumb Code     0  startup_stm32f40_41xxx.o(.text)
    TIM1_BRK_TIM9_IRQHandler                 0x0800026b   Thumb Code     0  startup_stm32f40_41xxx.o(.text)
    TIM1_CC_IRQHandler                       0x0800026b   Thumb Code     0  startup_stm32f40_41xxx.o(.text)
    TIM1_TRG_COM_TIM11_IRQHandler            0x0800026b   Thumb Code     0  startup_stm32f40_41xxx.o(.text)
    TIM1_UP_TIM10_IRQHandler                 0x0800026b   Thumb Code     0  startup_stm32f40_41xxx.o(.text)
    TIM2_IRQHandler                          0x0800026b   Thumb Code     0  startup_stm32f40_41xxx.o(.text)
    TIM4_IRQHandler                          0x0800026b   Thumb Code     0  startup_stm32f40_41xxx.o(.text)
    TIM5_IRQHandler                          0x0800026b   Thumb Code     0  startup_stm32f40_41xxx.o(.text)
    TIM6_DAC_IRQHandler                      0x0800026b   Thumb Code     0  startup_stm32f40_41xxx.o(.text)
    TIM7_IRQHandler                          0x0800026b   Thumb Code     0  startup_stm32f40_41xxx.o(.text)
    TIM8_BRK_TIM12_IRQHandler                0x0800026b   Thumb Code     0  startup_stm32f40_41xxx.o(.text)
    TIM8_CC_IRQHandler                       0x0800026b   Thumb Code     0  startup_stm32f40_41xxx.o(.text)
    TIM8_TRG_COM_TIM14_IRQHandler            0x0800026b   Thumb Code     0  startup_stm32f40_41xxx.o(.text)
    TIM8_UP_TIM13_IRQHandler                 0x0800026b   Thumb Code     0  startup_stm32f40_41xxx.o(.text)
    UART4_IRQHandler                         0x0800026b   Thumb Code     0  startup_stm32f40_41xxx.o(.text)
    UART5_IRQHandler                         0x0800026b   Thumb Code     0  startup_stm32f40_41xxx.o(.text)
    USART2_IRQHandler                        0x0800026b   Thumb Code     0  startup_stm32f40_41xxx.o(.text)
    USART3_IRQHandler                        0x0800026b   Thumb Code     0  startup_stm32f40_41xxx.o(.text)
    USART6_IRQHandler                        0x0800026b   Thumb Code     0  startup_stm32f40_41xxx.o(.text)
    WWDG_IRQHandler                          0x0800026b   Thumb Code     0  startup_stm32f40_41xxx.o(.text)
    __user_initial_stackheap                 0x0800026d   Thumb Code     0  startup_stm32f40_41xxx.o(.text)
    __use_no_semihosting                     0x08000291   Thumb Code     2  use_no_semi_2.o(.text)
    __2printf                                0x08000295   Thumb Code    20  noretval__2printf.o(.text)
    _printf_pre_padding                      0x080002ad   Thumb Code    44  _printf_pad.o(.text)
    _printf_post_padding                     0x080002d9   Thumb Code    34  _printf_pad.o(.text)
    _printf_str                              0x080002fb   Thumb Code    82  _printf_str.o(.text)
    _printf_int_dec                          0x0800034d   Thumb Code   104  _printf_dec.o(.text)
    _printf_longlong_hex                     0x080003c5   Thumb Code    78  _printf_hex_int_ptr.o(.text)
    _printf_int_hex                          0x08000413   Thumb Code    26  _printf_hex_int_ptr.o(.text)
    _printf_hex_ptr                          0x0800042d   Thumb Code    16  _printf_hex_int_ptr.o(.text)
    __printf                                 0x08000441   Thumb Code   308  __printf_flags_wp.o(.text)
    memcmp                                   0x08000579   Thumb Code    88  memcmp.o(.text)
    __aeabi_memcpy                           0x080005d1   Thumb Code     0  rt_memcpy_v6.o(.text)
    __rt_memcpy                              0x080005d1   Thumb Code   138  rt_memcpy_v6.o(.text)
    _memcpy_lastbytes                        0x08000637   Thumb Code     0  rt_memcpy_v6.o(.text)
    __aeabi_memcpy4                          0x0800065b   Thumb Code     0  rt_memcpy_w.o(.text)
    __aeabi_memcpy8                          0x0800065b   Thumb Code     0  rt_memcpy_w.o(.text)
    __rt_memcpy_w                            0x0800065b   Thumb Code   100  rt_memcpy_w.o(.text)
    _memcpy_lastbytes_aligned                0x080006a3   Thumb Code     0  rt_memcpy_w.o(.text)
    __aeabi_memclr                           0x080006bf   Thumb Code     0  rt_memclr.o(.text)
    __rt_memclr                              0x080006bf   Thumb Code    68  rt_memclr.o(.text)
    _memset                                  0x080006c3   Thumb Code     0  rt_memclr.o(.text)
    __aeabi_memclr4                          0x08000703   Thumb Code     0  rt_memclr_w.o(.text)
    __aeabi_memclr8                          0x08000703   Thumb Code     0  rt_memclr_w.o(.text)
    __rt_memclr_w                            0x08000703   Thumb Code    78  rt_memclr_w.o(.text)
    _memset_w                                0x08000707   Thumb Code     0  rt_memclr_w.o(.text)
    __use_two_region_memory                  0x08000751   Thumb Code     2  heapauxi.o(.text)
    __rt_heap_escrow$2region                 0x08000753   Thumb Code     2  heapauxi.o(.text)
    __rt_heap_expand$2region                 0x08000755   Thumb Code     2  heapauxi.o(.text)
    __I$use$semihosting                      0x08000757   Thumb Code     0  use_no_semi.o(.text)
    __use_no_semihosting_swi                 0x08000757   Thumb Code     2  use_no_semi.o(.text)
    _printf_int_common                       0x08000759   Thumb Code   178  _printf_intcommon.o(.text)
    _printf_cs_common                        0x0800080b   Thumb Code    20  _printf_char.o(.text)
    _printf_char                             0x0800081f   Thumb Code    16  _printf_char.o(.text)
    _printf_string                           0x0800082f   Thumb Code     8  _printf_char.o(.text)
    _printf_char_file                        0x08000839   Thumb Code    32  _printf_char_file.o(.text)
    _printf_char_common                      0x08000867   Thumb Code    32  _printf_char_common.o(.text)
    ferror                                   0x0800088d   Thumb Code     8  ferror.o(.text)
    __user_setup_stackheap                   0x08000895   Thumb Code    74  sys_stackheap_outer.o(.text)
    exit                                     0x080008df   Thumb Code    12  exit.o(.text)
    __user_libspace                          0x080008ed   Thumb Code     8  libspace.o(.text)
    __user_perproc_libspace                  0x080008ed   Thumb Code     0  libspace.o(.text)
    __user_perthread_libspace                0x080008ed   Thumb Code     0  libspace.o(.text)
    BusFault_Handler                         0x080008f5   Thumb Code     4  stm32f4xx_it.o(i.BusFault_Handler)
    DebugMon_Handler                         0x080008f9   Thumb Code     2  stm32f4xx_it.o(i.DebugMon_Handler)
    EXTI4_IRQHandler                         0x080008fb   Thumb Code    22  lwip_demo.o(i.EXTI4_IRQHandler)
    EXTI_ClearITPendingBit                   0x08000911   Thumb Code     6  stm32f4xx_exti.o(i.EXTI_ClearITPendingBit)
    EXTI_GetITStatus                         0x0800091d   Thumb Code    20  stm32f4xx_exti.o(i.EXTI_GetITStatus)
    EXTI_Init                                0x08000935   Thumb Code   142  stm32f4xx_exti.o(i.EXTI_Init)
    GPIO_Init                                0x080009c9   Thumb Code   144  stm32f4xx_gpio.o(i.GPIO_Init)
    GPIO_PinAFConfig                         0x08000a59   Thumb Code    70  stm32f4xx_gpio.o(i.GPIO_PinAFConfig)
    GPIO_ResetBits                           0x08000a9f   Thumb Code     4  stm32f4xx_gpio.o(i.GPIO_ResetBits)
    GPIO_SetBits                             0x08000aa3   Thumb Code     4  stm32f4xx_gpio.o(i.GPIO_SetBits)
    GPIO_ToggleBits                          0x08000aa7   Thumb Code     8  stm32f4xx_gpio.o(i.GPIO_ToggleBits)
    HardFault_Handler                        0x08000aaf   Thumb Code     4  stm32f4xx_it.o(i.HardFault_Handler)
    IIC_Init                                 0x08000ab5   Thumb Code    62  myiic.o(i.IIC_Init)
    IIC_Send_Byte                            0x08000b01   Thumb Code    82  myiic.o(i.IIC_Send_Byte)
    IIC_Start                                0x08000b61   Thumb Code    64  myiic.o(i.IIC_Start)
    IIC_Stop                                 0x08000bad   Thumb Code    62  myiic.o(i.IIC_Stop)
    IIC_Wait_Ack                             0x08000bf9   Thumb Code    82  myiic.o(i.IIC_Wait_Ack)
    LED_Init                                 0x08000c59   Thumb Code    80  led.o(i.LED_Init)
    MemManage_Handler                        0x08000cb1   Thumb Code     4  stm32f4xx_it.o(i.MemManage_Handler)
    NMI_Handler                              0x08000cb5   Thumb Code     2  stm32f4xx_it.o(i.NMI_Handler)
    NVIC_Init                                0x08000cb9   Thumb Code   106  misc.o(i.NVIC_Init)
    OLED_Clear                               0x08000d31   Thumb Code    18  oled.o(i.OLED_Clear)
    OLED_Display_On                          0x08000d49   Thumb Code    28  oled.o(i.OLED_Display_On)
    OLED_DrawPoint                           0x08000d65   Thumb Code    92  oled.o(i.OLED_DrawPoint)
    OLED_Init                                0x08000dc5   Thumb Code   314  oled.o(i.OLED_Init)
    OLED_Refresh_Gram                        0x08000f09   Thumb Code    68  oled.o(i.OLED_Refresh_Gram)
    OLED_ShowChar                            0x08000f51   Thumb Code   254  oled.o(i.OLED_ShowChar)
    OLED_ShowString                          0x0800105d   Thumb Code    98  oled.o(i.OLED_ShowString)
    PendSV_Handler                           0x080010d7   Thumb Code     2  stm32f4xx_it.o(i.PendSV_Handler)
    RCC_AHB1PeriphClockCmd                   0x080010d9   Thumb Code    26  stm32f4xx_rcc.o(i.RCC_AHB1PeriphClockCmd)
    RCC_APB1PeriphClockCmd                   0x080010f9   Thumb Code    26  stm32f4xx_rcc.o(i.RCC_APB1PeriphClockCmd)
    RCC_APB2PeriphClockCmd                   0x08001119   Thumb Code    26  stm32f4xx_rcc.o(i.RCC_APB2PeriphClockCmd)
    RCC_APB2PeriphResetCmd                   0x08001139   Thumb Code    26  stm32f4xx_rcc.o(i.RCC_APB2PeriphResetCmd)
    RCC_GetClocksFreq                        0x08001159   Thumb Code   214  stm32f4xx_rcc.o(i.RCC_GetClocksFreq)
    SPI1_Init                                0x08001241   Thumb Code   184  spi.o(i.SPI1_Init)
    SPI1_ReadWriteByte                       0x08001301   Thumb Code    50  spi.o(i.SPI1_ReadWriteByte)
    SPI_Cmd                                  0x08001339   Thumb Code    24  stm32f4xx_spi.o(i.SPI_Cmd)
    SPI_I2S_GetFlagStatus                    0x08001351   Thumb Code    18  stm32f4xx_spi.o(i.SPI_I2S_GetFlagStatus)
    SPI_I2S_ReceiveData                      0x08001363   Thumb Code     6  stm32f4xx_spi.o(i.SPI_I2S_ReceiveData)
    SPI_I2S_SendData                         0x08001369   Thumb Code     4  stm32f4xx_spi.o(i.SPI_I2S_SendData)
    SPI_Init                                 0x0800136d   Thumb Code    60  stm32f4xx_spi.o(i.SPI_Init)
    SVC_Handler                              0x080013a9   Thumb Code     2  stm32f4xx_it.o(i.SVC_Handler)
    SYSCFG_EXTILineConfig                    0x080013ad   Thumb Code    60  stm32f4xx_syscfg.o(i.SYSCFG_EXTILineConfig)
    SysTick_CLKSourceConfig                  0x080014d9   Thumb Code    40  misc.o(i.SysTick_CLKSourceConfig)
    SysTick_Handler                          0x08001501   Thumb Code     2  stm32f4xx_it.o(i.SysTick_Handler)
    SystemInit                               0x08001505   Thumb Code    88  system_stm32f4xx.o(i.SystemInit)
    TIM3_IRQHandler                          0x0800156d   Thumb Code    34  timer.o(i.TIM3_IRQHandler)
    TIM3_Int_Init                            0x08001599   Thumb Code    88  timer.o(i.TIM3_Int_Init)
    TIM_ClearITPendingBit                    0x080015f5   Thumb Code     6  stm32f4xx_tim.o(i.TIM_ClearITPendingBit)
    TIM_Cmd                                  0x080015fb   Thumb Code    24  stm32f4xx_tim.o(i.TIM_Cmd)
    TIM_GetITStatus                          0x08001613   Thumb Code    34  stm32f4xx_tim.o(i.TIM_GetITStatus)
    TIM_ITConfig                             0x08001635   Thumb Code    18  stm32f4xx_tim.o(i.TIM_ITConfig)
    TIM_TimeBaseInit                         0x08001649   Thumb Code   104  stm32f4xx_tim.o(i.TIM_TimeBaseInit)
    USART1_IRQHandler                        0x080016cd   Thumb Code   122  usart.o(i.USART1_IRQHandler)
    USART_Cmd                                0x08001755   Thumb Code    24  stm32f4xx_usart.o(i.USART_Cmd)
    USART_GetITStatus                        0x0800176d   Thumb Code    84  stm32f4xx_usart.o(i.USART_GetITStatus)
    USART_ITConfig                           0x080017c1   Thumb Code    74  stm32f4xx_usart.o(i.USART_ITConfig)
    USART_Init                               0x0800180d   Thumb Code   204  stm32f4xx_usart.o(i.USART_Init)
    USART_ReceiveData                        0x080018e1   Thumb Code    10  stm32f4xx_usart.o(i.USART_ReceiveData)
    UsageFault_Handler                       0x080018eb   Thumb Code     4  stm32f4xx_it.o(i.UsageFault_Handler)
    _is_digit                                0x08001947   Thumb Code    14  __printf_wp.o(i._is_digit)
    _sys_exit                                0x08001955   Thumb Code     4  usart.o(i._sys_exit)
    delay_init                               0x08001979   Thumb Code    52  delay.o(i.delay_init)
    delay_ms                                 0x080019b5   Thumb Code    56  delay.o(i.delay_ms)
    delay_us                                 0x080019ed   Thumb Code    72  delay.o(i.delay_us)
    delay_xms                                0x08001a39   Thumb Code    72  delay.o(i.delay_xms)
    enc28j60Init                             0x08001a85   Thumb Code   390  enc28j60.o(i.enc28j60Init)
    enc28j60PacketReceive                    0x08001c15   Thumb Code   188  enc28j60.o(i.enc28j60PacketReceive)
    enc28j60PacketSend                       0x08001cd5   Thumb Code   124  enc28j60.o(i.enc28j60PacketSend)
    enc28j60PhyWrite                         0x08001d51   Thumb Code    50  enc28j60.o(i.enc28j60PhyWrite)
    enc28j60Read                             0x08001d83   Thumb Code    20  enc28j60.o(i.enc28j60Read)
    enc28j60ReadBuffer                       0x08001d99   Thumb Code    48  enc28j60.o(i.enc28j60ReadBuffer)
    enc28j60ReadOp                           0x08001dcd   Thumb Code    60  enc28j60.o(i.enc28j60ReadOp)
    enc28j60SetBank                          0x08001e0d   Thumb Code    48  enc28j60.o(i.enc28j60SetBank)
    enc28j60Write                            0x08001e41   Thumb Code    24  enc28j60.o(i.enc28j60Write)
    enc28j60WriteBuffer                      0x08001e59   Thumb Code    42  enc28j60.o(i.enc28j60WriteBuffer)
    enc28j60WriteOp                          0x08001e89   Thumb Code    52  enc28j60.o(i.enc28j60WriteOp)
    etharp_output                            0x08002741   Thumb Code   382  etharp.o(i.etharp_output)
    etharp_query                             0x080029e9   Thumb Code   506  etharp.o(i.etharp_query)
    etharp_request                           0x08002ebd   Thumb Code    46  etharp.o(i.etharp_request)
    etharp_tmr                               0x08002f9d   Thumb Code   184  etharp.o(i.etharp_tmr)
    ethernet_input                           0x08003215   Thumb Code   294  etharp.o(i.ethernet_input)
    ethernetif_init                          0x0800336d   Thumb Code    78  ethernetif.o(i.ethernetif_init)
    fputc                                    0x0800342d   Thumb Code    22  usart.o(i.fputc)
    icmp_dest_unreach                        0x08003449   Thumb Code    18  icmp.o(i.icmp_dest_unreach)
    icmp_input                               0x0800345d   Thumb Code   646  icmp.o(i.icmp_input)
    icmp_time_exceeded                       0x08003b19   Thumb Code    18  icmp.o(i.icmp_time_exceeded)
    inet_chksum                              0x08003b2b   Thumb Code    20  inet_chksum.o(i.inet_chksum)
    inet_chksum_pbuf                         0x08003b3f   Thumb Code    86  inet_chksum.o(i.inet_chksum_pbuf)
    inet_chksum_pseudo                       0x08003b95   Thumb Code   170  inet_chksum.o(i.inet_chksum_pseudo)
    ip4_addr_isbroadcast                     0x08003c3f   Thumb Code    78  ip_addr.o(i.ip4_addr_isbroadcast)
    ip_frag                                  0x08003c8d   Thumb Code   450  ip_frag.o(i.ip_frag)
    ip_input                                 0x08003eb1   Thumb Code   610  ip.o(i.ip_input)
    ip_output                                0x0800412d   Thumb Code    92  ip.o(i.ip_output)
    ip_output_if                             0x08004199   Thumb Code   334  ip.o(i.ip_output_if)
    ip_reass                                 0x0800432d   Thumb Code   478  ip_frag.o(i.ip_reass)
    ip_reass_tmr                             0x08004a49   Thumb Code    56  ip_frag.o(i.ip_reass_tmr)
    ip_route                                 0x08004a85   Thumb Code    96  ip.o(i.ip_route)
    lwip_demo                                0x08004bbd   Thumb Code    20  lwip_demo.o(i.lwip_demo)
    lwip_htonl                               0x08004c29   Thumb Code    26  def.o(i.lwip_htonl)
    lwip_htons                               0x08004c43   Thumb Code    12  def.o(i.lwip_htons)
    lwip_init                                0x08004c4f   Thumb Code    32  init.o(i.lwip_init)
    lwip_ntohl                               0x08004c6f   Thumb Code    12  def.o(i.lwip_ntohl)
    lwip_ntohs                               0x08004c7b   Thumb Code    12  def.o(i.lwip_ntohs)
    main                                     0x08004ce5   Thumb Code    54  main.o(i.main)
    mem_free                                 0x08004d29   Thumb Code   174  mem.o(i.mem_free)
    mem_init                                 0x08004e39   Thumb Code    84  mem.o(i.mem_init)
    mem_malloc                               0x08004ea1   Thumb Code   450  mem.o(i.mem_malloc)
    mem_trim                                 0x08005115   Thumb Code   358  mem.o(i.mem_trim)
    memp_free                                0x080052c5   Thumb Code    70  memp.o(i.memp_free)
    memp_init                                0x08005335   Thumb Code   122  memp.o(i.memp_init)
    memp_malloc                              0x080053c5   Thumb Code   150  memp.o(i.memp_malloc)
    netif_add                                0x080054c9   Thumb Code   148  netif.o(i.netif_add)
    netif_init                               0x0800557d   Thumb Code     2  netif.o(i.netif_init)
    netif_set_addr                           0x0800557f   Thumb Code    40  netif.o(i.netif_set_addr)
    netif_set_default                        0x080055a9   Thumb Code    10  netif.o(i.netif_set_default)
    netif_set_gw                             0x080055b9   Thumb Code    16  netif.o(i.netif_set_gw)
    netif_set_ipaddr                         0x080055c9   Thumb Code   124  netif.o(i.netif_set_ipaddr)
    netif_set_netmask                        0x0800564d   Thumb Code    16  netif.o(i.netif_set_netmask)
    netif_set_up                             0x0800565d   Thumb Code    54  netif.o(i.netif_set_up)
    pbuf_alloc                               0x08005755   Thumb Code   582  pbuf.o(i.pbuf_alloc)
    pbuf_alloced_custom                      0x08005add   Thumb Code   134  pbuf.o(i.pbuf_alloced_custom)
    pbuf_cat                                 0x08005b89   Thumb Code    96  pbuf.o(i.pbuf_cat)
    pbuf_clen                                0x08005c61   Thumb Code    18  pbuf.o(i.pbuf_clen)
    pbuf_copy                                0x08005c75   Thumb Code   256  pbuf.o(i.pbuf_copy)
    pbuf_copy_partial                        0x08005e15   Thumb Code   158  pbuf.o(i.pbuf_copy_partial)
    pbuf_free                                0x08005ef9   Thumb Code   226  pbuf.o(i.pbuf_free)
    pbuf_free_ooseq                          0x0800603d   Thumb Code    44  pbuf.o(i.pbuf_free_ooseq)
    pbuf_header                              0x08006071   Thumb Code   166  pbuf.o(i.pbuf_header)
    pbuf_realloc                             0x08006161   Thumb Code   206  pbuf.o(i.pbuf_realloc)
    pbuf_ref                                 0x080062ad   Thumb Code    10  pbuf.o(i.pbuf_ref)
    process_mac                              0x08006405   Thumb Code    20  ethernetif.o(i.process_mac)
    raw_input                                0x0800641d   Thumb Code   102  raw.o(i.raw_input)
    stats_init                               0x08006491   Thumb Code    50  stats.o(i.stats_init)
    sys_check_timeouts                       0x080064d1   Thumb Code   106  timers.o(i.sys_check_timeouts)
    sys_now                                  0x08006549   Thumb Code     6  timer.o(i.sys_now)
    sys_timeout                              0x08006555   Thumb Code   164  timers.o(i.sys_timeout)
    sys_timeouts_init                        0x0800663d   Thumb Code    36  timers.o(i.sys_timeouts_init)
    tcp_abandon                              0x0800666d   Thumb Code   166  tcp.o(i.tcp_abandon)
    tcp_abort                                0x08006755   Thumb Code    14  tcp.o(i.tcp_abort)
    tcp_alloc                                0x08006765   Thumb Code   212  tcp.o(i.tcp_alloc)
    tcp_close                                0x0800684d   Thumb Code    28  tcp.o(i.tcp_close)
    tcp_eff_send_mss                         0x08006b29   Thumb Code    46  tcp.o(i.tcp_eff_send_mss)
    tcp_enqueue_flags                        0x08006b59   Thumb Code   442  tcp_out.o(i.tcp_enqueue_flags)
    tcp_fasttmr                              0x08006dc5   Thumb Code   114  tcp.o(i.tcp_fasttmr)
    tcp_init                                 0x08006e45   Thumb Code     2  tcp.o(i.tcp_init)
    tcp_input                                0x08006e49   Thumb Code  1698  tcp_in.o(i.tcp_input)
    tcp_keepalive                            0x08007535   Thumb Code   116  tcp_out.o(i.tcp_keepalive)
    tcp_next_iss                             0x08007795   Thumb Code    20  tcp.o(i.tcp_next_iss)
    tcp_output                               0x08007841   Thumb Code   476  tcp_out.o(i.tcp_output)
    tcp_pcb_purge                            0x08007ced   Thumb Code   106  tcp.o(i.tcp_pcb_purge)
    tcp_pcb_remove                           0x08007d59   Thumb Code   186  tcp.o(i.tcp_pcb_remove)
    tcp_process_refused_data                 0x08008495   Thumb Code   150  tcp.o(i.tcp_process_refused_data)
    tcp_recv_null                            0x08009201   Thumb Code    46  tcp.o(i.tcp_recv_null)
    tcp_recved                               0x08009231   Thumb Code   110  tcp.o(i.tcp_recved)
    tcp_rexmit                               0x080092ed   Thumb Code    90  tcp_out.o(i.tcp_rexmit)
    tcp_rexmit_fast                          0x08009347   Thumb Code   120  tcp_out.o(i.tcp_rexmit_fast)
    tcp_rexmit_rto                           0x080093bf   Thumb Code    58  tcp_out.o(i.tcp_rexmit_rto)
    tcp_rst                                  0x080093f9   Thumb Code   180  tcp_out.o(i.tcp_rst)
    tcp_seg_copy                             0x080094e1   Thumb Code    38  tcp.o(i.tcp_seg_copy)
    tcp_seg_free                             0x08009507   Thumb Code    26  tcp.o(i.tcp_seg_free)
    tcp_segs_free                            0x08009521   Thumb Code    24  tcp.o(i.tcp_segs_free)
    tcp_send_empty_ack                       0x08009539   Thumb Code   104  tcp_out.o(i.tcp_send_empty_ack)
    tcp_send_fin                             0x080095a1   Thumb Code    74  tcp_out.o(i.tcp_send_fin)
    tcp_slowtmr                              0x080095ed   Thumb Code  1394  tcp.o(i.tcp_slowtmr)
    tcp_timer_needed                         0x08009b61   Thumb Code    38  timers.o(i.tcp_timer_needed)
    tcp_tmr                                  0x08009c45   Thumb Code    30  tcp.o(i.tcp_tmr)
    tcp_update_rcv_ann_wnd                   0x08009c69   Thumb Code    94  tcp.o(i.tcp_update_rcv_ann_wnd)
    tcp_zero_window_probe                    0x08009ce5   Thumb Code   212  tcp_out.o(i.tcp_zero_window_probe)
    uart_init                                0x08009df5   Thumb Code   164  usart.o(i.uart_init)
    udp_init                                 0x08009ea1   Thumb Code     2  udp.o(i.udp_init)
    udp_input                                0x08009ea5   Thumb Code   590  udp.o(i.udp_input)
    _fp_init                                 0x0800a12d   Thumb Code    10  fpinit.o(x$fpl$fpinit)
    __fplib_config_fpu_vfp                   0x0800a135   Thumb Code     0  fpinit.o(x$fpl$fpinit)
    __fplib_config_pureend_doubles           0x0800a135   Thumb Code     0  fpinit.o(x$fpl$fpinit)
    asc2_1206                                0x0800a136   Data        1140  oled.o(.constdata)
    asc2_1608                                0x0800a5aa   Data        1520  oled.o(.constdata)
    asc2_2412                                0x0800ab9a   Data        3420  oled.o(.constdata)
    ethbroadcast                             0x0800b8f6   Data           6  etharp.o(.constdata)
    ethzero                                  0x0800b8fc   Data           6  etharp.o(.constdata)
    tcp_state_str                            0x0800b954   Data          44  tcp.o(.constdata)
    tcp_backoff                              0x0800b980   Data          13  tcp.o(.constdata)
    tcp_persist_backoff                      0x0800b98d   Data           7  tcp.o(.constdata)
    tcp_pcb_lists                            0x0800b994   Data          16  tcp.o(.constdata)
    Region$$Table$$Base                      0x0800be24   Number         0  anon$$obj.o(Region$$Table)
    Region$$Table$$Limit                     0x0800be44   Number         0  anon$$obj.o(Region$$Table)
    system_tick_num                          0x20000008   Data           4  timer.o(.data)
    __stdout                                 0x20000010   Data           4  usart.o(.data)
    USART_RX_STA                             0x20000014   Data           2  usart.o(.data)
    netif_list                               0x2000003c   Data           4  netif.o(.data)
    netif_default                            0x20000040   Data           4  netif.o(.data)
    pbuf_free_ooseq_pending                  0x20000045   Data           1  pbuf.o(.data)
    tcp_ticks                                0x20000050   Data           4  tcp.o(.data)
    tcp_bound_pcbs                           0x20000054   Data           4  tcp.o(.data)
    tcp_listen_pcbs                          0x20000058   Data           4  tcp.o(.data)
    tcp_active_pcbs                          0x2000005c   Data           4  tcp.o(.data)
    tcp_tw_pcbs                              0x20000060   Data           4  tcp.o(.data)
    tcp_tmp_pcb                              0x20000064   Data           4  tcp.o(.data)
    tcp_active_pcbs_changed                  0x20000068   Data           1  tcp.o(.data)
    tcp_input_pcb                            0x2000008c   Data           4  tcp_in.o(.data)
    udp_pcbs                                 0x200000a0   Data           4  udp.o(.data)
    current_netif                            0x200000a4   Data           4  ip.o(.data)
    current_header                           0x200000a8   Data           4  ip.o(.data)
    current_iphdr_src                        0x200000ac   Data           4  ip.o(.data)
    current_iphdr_dest                       0x200000b0   Data           4  ip.o(.data)
    enc28j60_netif                           0x200000c0   Data          48  lwip_demo.o(.bss)
    OLED_GRAM                                0x200000f0   Data        1024  oled.o(.bss)
    USART_RX_BUF                             0x200004f0   Data         200  usart.o(.bss)
    ram_heap                                 0x20001238   Data       40980  mem.o(.bss)
    lwip_stats                               0x2000feb8   Data         344  stats.o(.bss)
    __libspace_start                         0x20010024   Data          96  libspace.o(.bss)
    __temporary_stack_top$libspace           0x20010084   Data           0  libspace.o(.bss)



==============================================================================

Memory Map of the image

  Image Entry point : 0x08000189

  Load Region LR_IROM1 (Base: 0x08000000, Size: 0x0000bf04, Max: 0x00100000, ABSOLUTE)

    Execution Region ER_IROM1 (Base: 0x08000000, Size: 0x0000be44, Max: 0x00100000, ABSOLUTE)

    Base Addr    Size         Type   Attr      Idx    E Section Name        Object

    0x08000000   0x00000188   Data   RO          866    RESET               startup_stm32f40_41xxx.o
    0x08000188   0x00000008   Code   RO         3943  * !!!main             c_w.l(__main.o)
    0x08000190   0x00000034   Code   RO         4112    !!!scatter          c_w.l(__scatter.o)
    0x080001c4   0x0000001a   Code   RO         4114    !!handler_copy      c_w.l(__scatter_copy.o)
    0x080001de   0x00000002   PAD
    0x080001e0   0x0000001c   Code   RO         4116    !!handler_zi        c_w.l(__scatter_zi.o)
    0x080001fc   0x00000000   Code   RO         3928    .ARM.Collect$$_printf_percent$$00000000  c_w.l(_printf_percent.o)
    0x080001fc   0x00000006   Code   RO         3925    .ARM.Collect$$_printf_percent$$00000002  c_w.l(_printf_p.o)
    0x08000202   0x00000006   Code   RO         3926    .ARM.Collect$$_printf_percent$$00000009  c_w.l(_printf_d.o)
    0x08000208   0x00000006   Code   RO         3927    .ARM.Collect$$_printf_percent$$0000000A  c_w.l(_printf_u.o)
    0x0800020e   0x00000006   Code   RO         3924    .ARM.Collect$$_printf_percent$$0000000C  c_w.l(_printf_x.o)
    0x08000214   0x00000006   Code   RO         3922    .ARM.Collect$$_printf_percent$$00000013  c_w.l(_printf_c.o)
    0x0800021a   0x00000006   Code   RO         3923    .ARM.Collect$$_printf_percent$$00000014  c_w.l(_printf_s.o)
    0x08000220   0x00000004   Code   RO         3954    .ARM.Collect$$_printf_percent$$00000017  c_w.l(_printf_percent_end.o)
    0x08000224   0x00000002   Code   RO         3987    .ARM.Collect$$libinit$$00000000  c_w.l(libinit.o)
    0x08000226   0x00000004   Code   RO         3993    .ARM.Collect$$libinit$$00000001  c_w.l(libinit2.o)
    0x0800022a   0x00000000   Code   RO         3996    .ARM.Collect$$libinit$$00000004  c_w.l(libinit2.o)
    0x0800022a   0x00000000   Code   RO         3999    .ARM.Collect$$libinit$$0000000A  c_w.l(libinit2.o)
    0x0800022a   0x00000000   Code   RO         4001    .ARM.Collect$$libinit$$0000000C  c_w.l(libinit2.o)
    0x0800022a   0x00000000   Code   RO         4003    .ARM.Collect$$libinit$$0000000E  c_w.l(libinit2.o)
    0x0800022a   0x00000000   Code   RO         4006    .ARM.Collect$$libinit$$00000011  c_w.l(libinit2.o)
    0x0800022a   0x00000000   Code   RO         4008    .ARM.Collect$$libinit$$00000013  c_w.l(libinit2.o)
    0x0800022a   0x00000000   Code   RO         4010    .ARM.Collect$$libinit$$00000015  c_w.l(libinit2.o)
    0x0800022a   0x00000000   Code   RO         4012    .ARM.Collect$$libinit$$00000017  c_w.l(libinit2.o)
    0x0800022a   0x00000000   Code   RO         4014    .ARM.Collect$$libinit$$00000019  c_w.l(libinit2.o)
    0x0800022a   0x00000000   Code   RO         4016    .ARM.Collect$$libinit$$0000001B  c_w.l(libinit2.o)
    0x0800022a   0x00000000   Code   RO         4018    .ARM.Collect$$libinit$$0000001D  c_w.l(libinit2.o)
    0x0800022a   0x00000000   Code   RO         4020    .ARM.Collect$$libinit$$0000001F  c_w.l(libinit2.o)
    0x0800022a   0x00000000   Code   RO         4022    .ARM.Collect$$libinit$$00000021  c_w.l(libinit2.o)
    0x0800022a   0x00000000   Code   RO         4024    .ARM.Collect$$libinit$$00000023  c_w.l(libinit2.o)
    0x0800022a   0x00000000   Code   RO         4026    .ARM.Collect$$libinit$$00000025  c_w.l(libinit2.o)
    0x0800022a   0x00000000   Code   RO         4030    .ARM.Collect$$libinit$$0000002C  c_w.l(libinit2.o)
    0x0800022a   0x00000000   Code   RO         4032    .ARM.Collect$$libinit$$0000002E  c_w.l(libinit2.o)
    0x0800022a   0x00000000   Code   RO         4034    .ARM.Collect$$libinit$$00000030  c_w.l(libinit2.o)
    0x0800022a   0x00000000   Code   RO         4036    .ARM.Collect$$libinit$$00000032  c_w.l(libinit2.o)
    0x0800022a   0x00000002   Code   RO         4037    .ARM.Collect$$libinit$$00000033  c_w.l(libinit2.o)
    0x0800022c   0x00000002   Code   RO         4055    .ARM.Collect$$libshutdown$$00000000  c_w.l(libshutdown.o)
    0x0800022e   0x00000000   Code   RO         4066    .ARM.Collect$$libshutdown$$00000003  c_w.l(libshutdown2.o)
    0x0800022e   0x00000000   Code   RO         4069    .ARM.Collect$$libshutdown$$00000006  c_w.l(libshutdown2.o)
    0x0800022e   0x00000000   Code   RO         4072    .ARM.Collect$$libshutdown$$00000009  c_w.l(libshutdown2.o)
    0x0800022e   0x00000000   Code   RO         4074    .ARM.Collect$$libshutdown$$0000000B  c_w.l(libshutdown2.o)
    0x0800022e   0x00000000   Code   RO         4077    .ARM.Collect$$libshutdown$$0000000E  c_w.l(libshutdown2.o)
    0x0800022e   0x00000002   Code   RO         4078    .ARM.Collect$$libshutdown$$0000000F  c_w.l(libshutdown2.o)
    0x08000230   0x00000000   Code   RO         3947    .ARM.Collect$$rtentry$$00000000  c_w.l(__rtentry.o)
    0x08000230   0x00000000   Code   RO         3956    .ARM.Collect$$rtentry$$00000002  c_w.l(__rtentry2.o)
    0x08000230   0x00000006   Code   RO         3968    .ARM.Collect$$rtentry$$00000004  c_w.l(__rtentry4.o)
    0x08000236   0x00000000   Code   RO         3958    .ARM.Collect$$rtentry$$00000009  c_w.l(__rtentry2.o)
    0x08000236   0x00000004   Code   RO         3959    .ARM.Collect$$rtentry$$0000000A  c_w.l(__rtentry2.o)
    0x0800023a   0x00000000   Code   RO         3961    .ARM.Collect$$rtentry$$0000000C  c_w.l(__rtentry2.o)
    0x0800023a   0x00000008   Code   RO         3962    .ARM.Collect$$rtentry$$0000000D  c_w.l(__rtentry2.o)
    0x08000242   0x00000002   Code   RO         3991    .ARM.Collect$$rtexit$$00000000  c_w.l(rtexit.o)
    0x08000244   0x00000000   Code   RO         4039    .ARM.Collect$$rtexit$$00000002  c_w.l(rtexit2.o)
    0x08000244   0x00000004   Code   RO         4040    .ARM.Collect$$rtexit$$00000003  c_w.l(rtexit2.o)
    0x08000248   0x00000006   Code   RO         4041    .ARM.Collect$$rtexit$$00000004  c_w.l(rtexit2.o)
    0x0800024e   0x00000002   PAD
    0x08000250   0x00000040   Code   RO          867    .text               startup_stm32f40_41xxx.o
    0x08000290   0x00000002   Code   RO         3867    .text               c_w.l(use_no_semi_2.o)
    0x08000292   0x00000002   PAD
    0x08000294   0x00000018   Code   RO         3871    .text               c_w.l(noretval__2printf.o)
    0x080002ac   0x0000004e   Code   RO         3875    .text               c_w.l(_printf_pad.o)
    0x080002fa   0x00000052   Code   RO         3877    .text               c_w.l(_printf_str.o)
    0x0800034c   0x00000078   Code   RO         3879    .text               c_w.l(_printf_dec.o)
    0x080003c4   0x0000007c   Code   RO         3893    .text               c_w.l(_printf_hex_int_ptr.o)
    0x08000440   0x00000138   Code   RO         3914    .text               c_w.l(__printf_flags_wp.o)
    0x08000578   0x00000058   Code   RO         3929    .text               c_w.l(memcmp.o)
    0x080005d0   0x0000008a   Code   RO         3933    .text               c_w.l(rt_memcpy_v6.o)
    0x0800065a   0x00000064   Code   RO         3935    .text               c_w.l(rt_memcpy_w.o)
    0x080006be   0x00000044   Code   RO         3937    .text               c_w.l(rt_memclr.o)
    0x08000702   0x0000004e   Code   RO         3939    .text               c_w.l(rt_memclr_w.o)
    0x08000750   0x00000006   Code   RO         3941    .text               c_w.l(heapauxi.o)
    0x08000756   0x00000002   Code   RO         3945    .text               c_w.l(use_no_semi.o)
    0x08000758   0x000000b2   Code   RO         3948    .text               c_w.l(_printf_intcommon.o)
    0x0800080a   0x0000002c   Code   RO         3950    .text               c_w.l(_printf_char.o)
    0x08000836   0x00000002   PAD
    0x08000838   0x00000024   Code   RO         3952    .text               c_w.l(_printf_char_file.o)
    0x0800085c   0x00000030   Code   RO         3970    .text               c_w.l(_printf_char_common.o)
    0x0800088c   0x00000008   Code   RO         3972    .text               c_w.l(ferror.o)
    0x08000894   0x0000004a   Code   RO         3976    .text               c_w.l(sys_stackheap_outer.o)
    0x080008de   0x0000000c   Code   RO         3980    .text               c_w.l(exit.o)
    0x080008ea   0x00000002   PAD
    0x080008ec   0x00000008   Code   RO         3988    .text               c_w.l(libspace.o)
    0x080008f4   0x00000004   Code   RO          220    i.BusFault_Handler  stm32f4xx_it.o
    0x080008f8   0x00000002   Code   RO          221    i.DebugMon_Handler  stm32f4xx_it.o
    0x080008fa   0x00000016   Code   RO          354    i.EXTI4_IRQHandler  lwip_demo.o
    0x08000910   0x0000000c   Code   RO         2320    i.EXTI_ClearITPendingBit  stm32f4xx_exti.o
    0x0800091c   0x00000018   Code   RO         2324    i.EXTI_GetITStatus  stm32f4xx_exti.o
    0x08000934   0x00000094   Code   RO         2325    i.EXTI_Init         stm32f4xx_exti.o
    0x080009c8   0x00000090   Code   RO          918    i.GPIO_Init         stm32f4xx_gpio.o
    0x08000a58   0x00000046   Code   RO          919    i.GPIO_PinAFConfig  stm32f4xx_gpio.o
    0x08000a9e   0x00000004   Code   RO          925    i.GPIO_ResetBits    stm32f4xx_gpio.o
    0x08000aa2   0x00000004   Code   RO          926    i.GPIO_SetBits      stm32f4xx_gpio.o
    0x08000aa6   0x00000008   Code   RO          928    i.GPIO_ToggleBits   stm32f4xx_gpio.o
    0x08000aae   0x00000004   Code   RO          222    i.HardFault_Handler  stm32f4xx_it.o
    0x08000ab2   0x00000002   PAD
    0x08000ab4   0x0000004c   Code   RO          698    i.IIC_Init          myiic.o
    0x08000b00   0x00000060   Code   RO          701    i.IIC_Send_Byte     myiic.o
    0x08000b60   0x0000004c   Code   RO          702    i.IIC_Start         myiic.o
    0x08000bac   0x0000004c   Code   RO          703    i.IIC_Stop          myiic.o
    0x08000bf8   0x00000060   Code   RO          704    i.IIC_Wait_Ack      myiic.o
    0x08000c58   0x00000058   Code   RO          391    i.LED_Init          led.o
    0x08000cb0   0x00000004   Code   RO          223    i.MemManage_Handler  stm32f4xx_it.o
    0x08000cb4   0x00000002   Code   RO          224    i.NMI_Handler       stm32f4xx_it.o
    0x08000cb6   0x00000002   PAD
    0x08000cb8   0x00000078   Code   RO          873    i.NVIC_Init         misc.o
    0x08000d30   0x00000018   Code   RO          586    i.OLED_Clear        oled.o
    0x08000d48   0x0000001c   Code   RO          588    i.OLED_Display_On   oled.o
    0x08000d64   0x00000060   Code   RO          589    i.OLED_DrawPoint    oled.o
    0x08000dc4   0x00000144   Code   RO          591    i.OLED_Init         oled.o
    0x08000f08   0x00000048   Code   RO          592    i.OLED_Refresh_Gram  oled.o
    0x08000f50   0x0000010c   Code   RO          593    i.OLED_ShowChar     oled.o
    0x0800105c   0x00000062   Code   RO          595    i.OLED_ShowString   oled.o
    0x080010be   0x00000018   Code   RO          596    i.OLED_WR_Byte      oled.o
    0x080010d6   0x00000002   Code   RO          225    i.PendSV_Handler    stm32f4xx_it.o
    0x080010d8   0x00000020   Code   RO         1015    i.RCC_AHB1PeriphClockCmd  stm32f4xx_rcc.o
    0x080010f8   0x00000020   Code   RO         1024    i.RCC_APB1PeriphClockCmd  stm32f4xx_rcc.o
    0x08001118   0x00000020   Code   RO         1027    i.RCC_APB2PeriphClockCmd  stm32f4xx_rcc.o
    0x08001138   0x00000020   Code   RO         1029    i.RCC_APB2PeriphResetCmd  stm32f4xx_rcc.o
    0x08001158   0x000000e8   Code   RO         1036    i.RCC_GetClocksFreq  stm32f4xx_rcc.o
    0x08001240   0x000000c0   Code   RO          411    i.SPI1_Init         spi.o
    0x08001300   0x00000038   Code   RO          412    i.SPI1_ReadWriteByte  spi.o
    0x08001338   0x00000018   Code   RO         1599    i.SPI_Cmd           stm32f4xx_spi.o
    0x08001350   0x00000012   Code   RO         1607    i.SPI_I2S_GetFlagStatus  stm32f4xx_spi.o
    0x08001362   0x00000006   Code   RO         1610    i.SPI_I2S_ReceiveData  stm32f4xx_spi.o
    0x08001368   0x00000004   Code   RO         1611    i.SPI_I2S_SendData  stm32f4xx_spi.o
    0x0800136c   0x0000003c   Code   RO         1612    i.SPI_Init          stm32f4xx_spi.o
    0x080013a8   0x00000002   Code   RO          226    i.SVC_Handler       stm32f4xx_it.o
    0x080013aa   0x00000002   PAD
    0x080013ac   0x00000040   Code   RO         1352    i.SYSCFG_EXTILineConfig  stm32f4xx_syscfg.o
    0x080013ec   0x000000ec   Code   RO          317    i.SetSysClock       system_stm32f4xx.o
    0x080014d8   0x00000028   Code   RO          877    i.SysTick_CLKSourceConfig  misc.o
    0x08001500   0x00000002   Code   RO          227    i.SysTick_Handler   stm32f4xx_it.o
    0x08001502   0x00000002   PAD
    0x08001504   0x00000068   Code   RO          319    i.SystemInit        system_stm32f4xx.o
    0x0800156c   0x0000002c   Code   RO          551    i.TIM3_IRQHandler   timer.o
    0x08001598   0x0000005c   Code   RO          552    i.TIM3_Int_Init     timer.o
    0x080015f4   0x00000006   Code   RO         1768    i.TIM_ClearITPendingBit  stm32f4xx_tim.o
    0x080015fa   0x00000018   Code   RO         1773    i.TIM_Cmd           stm32f4xx_tim.o
    0x08001612   0x00000022   Code   RO         1794    i.TIM_GetITStatus   stm32f4xx_tim.o
    0x08001634   0x00000012   Code   RO         1798    i.TIM_ITConfig      stm32f4xx_tim.o
    0x08001646   0x00000002   PAD
    0x08001648   0x00000084   Code   RO         1845    i.TIM_TimeBaseInit  stm32f4xx_tim.o
    0x080016cc   0x00000088   Code   RO          817    i.USART1_IRQHandler  usart.o
    0x08001754   0x00000018   Code   RO         1409    i.USART_Cmd         stm32f4xx_usart.o
    0x0800176c   0x00000054   Code   RO         1413    i.USART_GetITStatus  stm32f4xx_usart.o
    0x080017c0   0x0000004a   Code   RO         1415    i.USART_ITConfig    stm32f4xx_usart.o
    0x0800180a   0x00000002   PAD
    0x0800180c   0x000000d4   Code   RO         1416    i.USART_Init        stm32f4xx_usart.o
    0x080018e0   0x0000000a   Code   RO         1423    i.USART_ReceiveData  stm32f4xx_usart.o
    0x080018ea   0x00000004   Code   RO          228    i.UsageFault_Handler  stm32f4xx_it.o
    0x080018ee   0x0000002c   Code   RO          597    i.Write_IIC_Command  oled.o
    0x0800191a   0x0000002c   Code   RO          598    i.Write_IIC_Data    oled.o
    0x08001946   0x0000000e   Code   RO         3912    i._is_digit         c_w.l(__printf_wp.o)
    0x08001954   0x00000004   Code   RO          818    i._sys_exit         usart.o
    0x08001958   0x00000020   Code   RO         3473    i.arp_timer         timers.o
    0x08001978   0x0000003c   Code   RO          759    i.delay_init        delay.o
    0x080019b4   0x00000038   Code   RO          760    i.delay_ms          delay.o
    0x080019ec   0x0000004c   Code   RO          761    i.delay_us          delay.o
    0x08001a38   0x0000004c   Code   RO          762    i.delay_xms         delay.o
    0x08001a84   0x00000190   Code   RO          446    i.enc28j60Init      enc28j60.o
    0x08001c14   0x000000c0   Code   RO          447    i.enc28j60PacketReceive  enc28j60.o
    0x08001cd4   0x0000007c   Code   RO          448    i.enc28j60PacketSend  enc28j60.o
    0x08001d50   0x00000032   Code   RO          449    i.enc28j60PhyWrite  enc28j60.o
    0x08001d82   0x00000014   Code   RO          450    i.enc28j60Read      enc28j60.o
    0x08001d96   0x00000002   PAD
    0x08001d98   0x00000034   Code   RO          451    i.enc28j60ReadBuffer  enc28j60.o
    0x08001dcc   0x00000040   Code   RO          452    i.enc28j60ReadOp    enc28j60.o
    0x08001e0c   0x00000034   Code   RO          453    i.enc28j60SetBank   enc28j60.o
    0x08001e40   0x00000018   Code   RO          454    i.enc28j60Write     enc28j60.o
    0x08001e58   0x00000030   Code   RO          455    i.enc28j60WriteBuffer  enc28j60.o
    0x08001e88   0x0000003c   Code   RO          456    i.enc28j60WriteOp   enc28j60.o
    0x08001ec4   0x000000a4   Code   RO          457    i.enc28j60_gpio_init  enc28j60.o
    0x08001f68   0x00000354   Code   RO         2379    i.etharp_arp_input  etharp.o
    0x080022bc   0x000003c0   Code   RO         2382    i.etharp_find_entry  etharp.o
    0x0800267c   0x000000c4   Code   RO         2383    i.etharp_free_entry  etharp.o
    0x08002740   0x000001f0   Code   RO         2384    i.etharp_output     etharp.o
    0x08002930   0x000000b8   Code   RO         2385    i.etharp_output_to_arp_index  etharp.o
    0x080029e8   0x0000031c   Code   RO         2386    i.etharp_query      etharp.o
    0x08002d04   0x000001b8   Code   RO         2387    i.etharp_raw        etharp.o
    0x08002ebc   0x00000060   Code   RO         2388    i.etharp_request    etharp.o
    0x08002f1c   0x00000080   Code   RO         2389    i.etharp_send_ip    etharp.o
    0x08002f9c   0x00000100   Code   RO         2390    i.etharp_tmr        etharp.o
    0x0800309c   0x00000178   Code   RO         2391    i.etharp_update_arp_entry  etharp.o
    0x08003214   0x00000158   Code   RO         2392    i.ethernet_input    etharp.o
    0x0800336c   0x00000068   Code   RO         2503    i.ethernetif_init   ethernetif.o
    0x080033d4   0x00000058   Code   RO         2504    i.ethernetif_input  ethernetif.o
    0x0800342c   0x0000001c   Code   RO          819    i.fputc             usart.o
    0x08003448   0x00000012   Code   RO         3621    i.icmp_dest_unreach  icmp.o
    0x0800345a   0x00000002   PAD
    0x0800345c   0x000004e4   Code   RO         3622    i.icmp_input        icmp.o
    0x08003940   0x000001d8   Code   RO         3623    i.icmp_send_response  icmp.o
    0x08003b18   0x00000012   Code   RO         3624    i.icmp_time_exceeded  icmp.o
    0x08003b2a   0x00000014   Code   RO         3669    i.inet_chksum       inet_chksum.o
    0x08003b3e   0x00000056   Code   RO         3670    i.inet_chksum_pbuf  inet_chksum.o
    0x08003b94   0x000000aa   Code   RO         3671    i.inet_chksum_pseudo  inet_chksum.o
    0x08003c3e   0x0000004e   Code   RO         3746    i.ip4_addr_isbroadcast  ip_addr.o
    0x08003c8c   0x000001ec   Code   RO         3799    i.ip_frag           ip_frag.o
    0x08003e78   0x0000000a   Code   RO         3800    i.ip_frag_alloc_pbuf_custom_ref  ip_frag.o
    0x08003e82   0x00000002   PAD
    0x08003e84   0x0000002c   Code   RO         3801    i.ip_frag_free_pbuf_custom_ref  ip_frag.o
    0x08003eb0   0x0000027c   Code   RO         3707    i.ip_input          ip.o
    0x0800412c   0x0000006c   Code   RO         3708    i.ip_output         ip.o
    0x08004198   0x00000194   Code   RO         3709    i.ip_output_if      ip.o
    0x0800432c   0x000001ec   Code   RO         3802    i.ip_reass          ip_frag.o
    0x08004518   0x00000284   Code   RO         3803    i.ip_reass_chain_frag_into_datagram_and_validate  ip_frag.o
    0x0800479c   0x00000054   Code   RO         3804    i.ip_reass_dequeue_datagram  ip_frag.o
    0x080047f0   0x00000068   Code   RO         3805    i.ip_reass_enqueue_new_datagram  ip_frag.o
    0x08004858   0x00000154   Code   RO         3806    i.ip_reass_free_complete_datagram  ip_frag.o
    0x080049ac   0x0000007c   Code   RO         3807    i.ip_reass_remove_oldest_datagram  ip_frag.o
    0x08004a28   0x00000020   Code   RO         3474    i.ip_reass_timer    timers.o
    0x08004a48   0x0000003c   Code   RO         3808    i.ip_reass_tmr      ip_frag.o
    0x08004a84   0x0000006c   Code   RO         3710    i.ip_route          ip.o
    0x08004af0   0x00000054   Code   RO         3809    i.ipfrag_free_pbuf_custom  ip_frag.o
    0x08004b44   0x0000005c   Code   RO         2505    i.low_level_init    ethernetif.o
    0x08004ba0   0x0000000c   Code   RO         2506    i.low_level_input   ethernetif.o
    0x08004bac   0x0000000e   Code   RO         2507    i.low_level_output  ethernetif.o
    0x08004bba   0x00000002   PAD
    0x08004bbc   0x00000018   Code   RO          355    i.lwip_demo         lwip_demo.o
    0x08004bd4   0x00000054   Code   RO          356    i.lwip_early_init   lwip_demo.o
    0x08004c28   0x0000001a   Code   RO         2578    i.lwip_htonl        def.o
    0x08004c42   0x0000000c   Code   RO         2579    i.lwip_htons        def.o
    0x08004c4e   0x00000020   Code   RO         2620    i.lwip_init         init.o
    0x08004c6e   0x0000000c   Code   RO         2580    i.lwip_ntohl        def.o
    0x08004c7a   0x0000000c   Code   RO         2581    i.lwip_ntohs        def.o
    0x08004c86   0x0000005e   Code   RO         3673    i.lwip_standard_chksum  inet_chksum.o
    0x08004ce4   0x00000044   Code   RO            3    i.main              main.o
    0x08004d28   0x00000110   Code   RO         2671    i.mem_free          mem.o
    0x08004e38   0x00000068   Code   RO         2672    i.mem_init          mem.o
    0x08004ea0   0x00000274   Code   RO         2673    i.mem_malloc        mem.o
    0x08005114   0x000001b0   Code   RO         2674    i.mem_trim          mem.o
    0x080052c4   0x00000070   Code   RO         2715    i.memp_free         memp.o
    0x08005334   0x00000090   Code   RO         2716    i.memp_init         memp.o
    0x080053c4   0x000000e4   Code   RO         2717    i.memp_malloc       memp.o
    0x080054a8   0x00000020   Code   RO         2508    i.my_mac_set        ethernetif.o
    0x080054c8   0x000000b4   Code   RO         2756    i.netif_add         netif.o
    0x0800557c   0x00000002   Code   RO         2758    i.netif_init        netif.o
    0x0800557e   0x00000028   Code   RO         2760    i.netif_set_addr    netif.o
    0x080055a6   0x00000002   PAD
    0x080055a8   0x00000010   Code   RO         2761    i.netif_set_default  netif.o
    0x080055b8   0x00000010   Code   RO         2763    i.netif_set_gw      netif.o
    0x080055c8   0x00000084   Code   RO         2764    i.netif_set_ipaddr  netif.o
    0x0800564c   0x00000010   Code   RO         2767    i.netif_set_netmask  netif.o
    0x0800565c   0x00000036   Code   RO         2768    i.netif_set_up      netif.o
    0x08005692   0x00000002   PAD
    0x08005694   0x0000005c   Code   RO         2509    i.packed_send       ethernetif.o
    0x080056f0   0x00000064   Code   RO         2510    i.packet_receive    ethernetif.o
    0x08005754   0x00000388   Code   RO         2850    i.pbuf_alloc        pbuf.o
    0x08005adc   0x000000ac   Code   RO         2851    i.pbuf_alloced_custom  pbuf.o
    0x08005b88   0x000000d8   Code   RO         2852    i.pbuf_cat          pbuf.o
    0x08005c60   0x00000012   Code   RO         2854    i.pbuf_clen         pbuf.o
    0x08005c72   0x00000002   PAD
    0x08005c74   0x000001a0   Code   RO         2856    i.pbuf_copy         pbuf.o
    0x08005e14   0x000000e4   Code   RO         2857    i.pbuf_copy_partial  pbuf.o
    0x08005ef8   0x00000144   Code   RO         2859    i.pbuf_free         pbuf.o
    0x0800603c   0x00000034   Code   RO         2860    i.pbuf_free_ooseq   pbuf.o
    0x08006070   0x000000e4   Code   RO         2862    i.pbuf_header       pbuf.o
    0x08006154   0x0000000c   Code   RO         2865    i.pbuf_pool_is_empty  pbuf.o
    0x08006160   0x0000014c   Code   RO         2866    i.pbuf_realloc      pbuf.o
    0x080062ac   0x0000000a   Code   RO         2867    i.pbuf_ref          pbuf.o
    0x080062b6   0x00000002   PAD
    0x080062b8   0x0000014c   Code   RO         2675    i.plug_holes        mem.o
    0x08006404   0x00000018   Code   RO         2511    i.process_mac       ethernetif.o
    0x0800641c   0x00000074   Code   RO         3001    i.raw_input         raw.o
    0x08006490   0x00000040   Code   RO         3055    i.stats_init        stats.o
    0x080064d0   0x00000078   Code   RO         3475    i.sys_check_timeouts  timers.o
    0x08006548   0x0000000c   Code   RO          553    i.sys_now           timer.o
    0x08006554   0x000000e8   Code   RO         3477    i.sys_timeout       timers.o
    0x0800663c   0x00000030   Code   RO         3478    i.sys_timeouts_init  timers.o
    0x0800666c   0x000000e8   Code   RO         3084    i.tcp_abandon       tcp.o
    0x08006754   0x0000000e   Code   RO         3085    i.tcp_abort         tcp.o
    0x08006762   0x00000002   PAD
    0x08006764   0x000000e8   Code   RO         3088    i.tcp_alloc         tcp.o
    0x0800684c   0x0000001c   Code   RO         3091    i.tcp_close         tcp.o
    0x08006868   0x000001f4   Code   RO         3092    i.tcp_close_shutdown  tcp.o
    0x08006a5c   0x000000cc   Code   RO         3375    i.tcp_create_segment  tcp_out.o
    0x08006b28   0x0000002e   Code   RO         3095    i.tcp_eff_send_mss  tcp.o
    0x08006b56   0x00000002   PAD
    0x08006b58   0x0000026c   Code   RO         3376    i.tcp_enqueue_flags  tcp_out.o
    0x08006dc4   0x00000080   Code   RO         3097    i.tcp_fasttmr       tcp.o
    0x08006e44   0x00000002   Code   RO         3098    i.tcp_init          tcp.o
    0x08006e46   0x00000002   PAD
    0x08006e48   0x000006ec   Code   RO         3319    i.tcp_input         tcp_in.o
    0x08007534   0x00000078   Code   RO         3377    i.tcp_keepalive     tcp_out.o
    0x080075ac   0x00000058   Code   RO         3099    i.tcp_kill_prio     tcp.o
    0x08007604   0x00000040   Code   RO         3100    i.tcp_kill_timewait  tcp.o
    0x08007644   0x00000150   Code   RO         3320    i.tcp_listen_input  tcp_in.o
    0x08007794   0x0000001c   Code   RO         3104    i.tcp_next_iss      tcp.o
    0x080077b0   0x00000090   Code   RO         3321    i.tcp_oos_insert_segment  tcp_in.o
    0x08007840   0x00000220   Code   RO         3378    i.tcp_output        tcp_out.o
    0x08007a60   0x000000c0   Code   RO         3379    i.tcp_output_alloc_header  tcp_out.o
    0x08007b20   0x00000100   Code   RO         3380    i.tcp_output_segment  tcp_out.o
    0x08007c20   0x000000cc   Code   RO         3322    i.tcp_parseopt      tcp_in.o
    0x08007cec   0x0000006a   Code   RO         3105    i.tcp_pcb_purge     tcp.o
    0x08007d56   0x00000002   PAD
    0x08007d58   0x0000010c   Code   RO         3106    i.tcp_pcb_remove    tcp.o
    0x08007e64   0x00000630   Code   RO         3323    i.tcp_process       tcp_in.o
    0x08008494   0x00000096   Code   RO         3108    i.tcp_process_refused_data  tcp.o
    0x0800852a   0x00000002   PAD
    0x0800852c   0x00000cd4   Code   RO         3324    i.tcp_receive       tcp_in.o
    0x08009200   0x0000002e   Code   RO         3110    i.tcp_recv_null     tcp.o
    0x0800922e   0x00000002   PAD
    0x08009230   0x000000bc   Code   RO         3111    i.tcp_recved        tcp.o
    0x080092ec   0x0000005a   Code   RO         3382    i.tcp_rexmit        tcp_out.o
    0x08009346   0x00000078   Code   RO         3383    i.tcp_rexmit_fast   tcp_out.o
    0x080093be   0x0000003a   Code   RO         3384    i.tcp_rexmit_rto    tcp_out.o
    0x080093f8   0x000000e8   Code   RO         3385    i.tcp_rst           tcp_out.o
    0x080094e0   0x00000026   Code   RO         3112    i.tcp_seg_copy      tcp.o
    0x08009506   0x0000001a   Code   RO         3113    i.tcp_seg_free      tcp.o
    0x08009520   0x00000018   Code   RO         3114    i.tcp_segs_free     tcp.o
    0x08009538   0x00000068   Code   RO         3386    i.tcp_send_empty_ack  tcp_out.o
    0x080095a0   0x0000004a   Code   RO         3387    i.tcp_send_fin      tcp_out.o
    0x080095ea   0x00000002   PAD
    0x080095ec   0x00000572   Code   RO         3118    i.tcp_slowtmr       tcp.o
    0x08009b5e   0x00000002   PAD
    0x08009b60   0x00000038   Code   RO         3480    i.tcp_timer_needed  timers.o
    0x08009b98   0x000000ac   Code   RO         3325    i.tcp_timewait_input  tcp_in.o
    0x08009c44   0x00000024   Code   RO         3119    i.tcp_tmr           tcp.o
    0x08009c68   0x0000007c   Code   RO         3120    i.tcp_update_rcv_ann_wnd  tcp.o
    0x08009ce4   0x000000d8   Code   RO         3390    i.tcp_zero_window_probe  tcp_out.o
    0x08009dbc   0x00000038   Code   RO         3481    i.tcpip_tcp_timer   timers.o
    0x08009df4   0x000000ac   Code   RO          820    i.uart_init         usart.o
    0x08009ea0   0x00000002   Code   RO         3535    i.udp_init          udp.o
    0x08009ea2   0x00000002   PAD
    0x08009ea4   0x00000288   Code   RO         3536    i.udp_input         udp.o
    0x0800a12c   0x0000000a   Code   RO         4047    x$fpl$fpinit        fz_wm.l(fpinit.o)
    0x0800a136   0x000017c0   Data   RO          601    .constdata          oled.o
    0x0800b8f6   0x0000000c   Data   RO         2394    .constdata          etharp.o
    0x0800b902   0x00000028   Data   RO         2719    .constdata          memp.o
    0x0800b92a   0x00000002   PAD
    0x0800b92c   0x00000028   Data   RO         3057    .constdata          stats.o
    0x0800b954   0x00000050   Data   RO         3121    .constdata          tcp.o
    0x0800b9a4   0x00000028   Data   RO         3894    .constdata          c_w.l(_printf_hex_int_ptr.o)
    0x0800b9cc   0x00000011   Data   RO         3915    .constdata          c_w.l(__printf_flags_wp.o)
    0x0800b9dd   0x00000003   PAD
    0x0800b9e0   0x0000030c   Data   RO         2395    .conststring        etharp.o
    0x0800bcec   0x00000070   Data   RO         3058    .conststring        stats.o
    0x0800bd5c   0x0000006d   Data   RO         3122    .conststring        tcp.o
    0x0800bdc9   0x00000003   PAD
    0x0800bdcc   0x00000055   Data   RO         3391    .conststring        tcp_out.o
    0x0800be21   0x00000003   PAD
    0x0800be24   0x00000020   Data   RO         4110    Region$$Table       anon$$obj.o


    Execution Region RW_IRAM1 (Base: 0x20000000, Size: 0x00010688, Max: 0x00020000, ABSOLUTE)

    Base Addr    Size         Type   Attr      Idx    E Section Name        Object

    0x20000000   0x00000008   Data   RW          461    .data               enc28j60.o
    0x20000008   0x00000004   Data   RW          554    .data               timer.o
    0x2000000c   0x00000004   Data   RW          763    .data               delay.o
    0x20000010   0x00000006   Data   RW          822    .data               usart.o
    0x20000016   0x00000010   Data   RW         1068    .data               stm32f4xx_rcc.o
    0x20000026   0x00000001   Data   RW         2396    .data               etharp.o
    0x20000027   0x00000006   Data   RW         2513    .data               ethernetif.o
    0x2000002d   0x00000003   PAD
    0x20000030   0x0000000c   Data   RW         2677    .data               mem.o
    0x2000003c   0x00000009   Data   RW         2769    .data               netif.o
    0x20000045   0x00000001   Data   RW         2870    .data               pbuf.o
    0x20000046   0x00000002   PAD
    0x20000048   0x00000004   Data   RW         3007    .data               raw.o
    0x2000004c   0x00000024   Data   RW         3123    .data               tcp.o
    0x20000070   0x00000020   Data   RW         3327    .data               tcp_in.o
    0x20000090   0x0000000c   Data   RW         3482    .data               timers.o
    0x2000009c   0x00000008   Data   RW         3544    .data               udp.o
    0x200000a4   0x00000012   Data   RW         3711    .data               ip.o
    0x200000b6   0x00000002   PAD
    0x200000b8   0x00000006   Data   RW         3810    .data               ip_frag.o
    0x200000be   0x00000002   PAD
    0x200000c0   0x00000030   Zero   RW          357    .bss                lwip_demo.o
    0x200000f0   0x00000400   Zero   RW          600    .bss                oled.o
    0x200004f0   0x000000c8   Zero   RW          821    .bss                usart.o
    0x200005b8   0x000000c8   Zero   RW         2393    .bss                etharp.o
    0x20000680   0x00000bb8   Zero   RW         2512    .bss                ethernetif.o
    0x20001238   0x0000a014   Zero   RW         2676    .bss                mem.o
    0x2000b24c   0x00004c6b   Zero   RW         2718    .bss                memp.o
    0x2000feb7   0x00000001   PAD
    0x2000feb8   0x00000158   Zero   RW         3056    .bss                stats.o
    0x20010010   0x00000014   Zero   RW         3326    .bss                tcp_in.o
    0x20010024   0x00000060   Zero   RW         3989    .bss                c_w.l(libspace.o)
    0x20010084   0x00000004   PAD
    0x20010088   0x00000200   Zero   RW          865    HEAP                startup_stm32f40_41xxx.o
    0x20010288   0x00000400   Zero   RW          864    STACK               startup_stm32f40_41xxx.o


==============================================================================

Image component sizes


      Code (inc. data)   RO Data    RW Data    ZI Data      Debug   Object Name

        62          0          0          0          0       2268   def.o
       268         16          0          4          0       2511   delay.o
      1250         48          0          8          0       8414   enc28j60.o
      5124       1828        792          1        200      18700   etharp.o
       558         54          0          6       3000       6985   ethernetif.o
      1760        766          0          0          0       4162   icmp.o
         0          0          0          0          0       3844   inet.o
       370          0          0          0          0       3702   inet_chksum.o
        32          0          0          0          0      10189   init.o
      1256        124          0         18          0       7581   ip.o
        78          0          0          0          0       6958   ip_addr.o
      2478        436          0          6          0      10848   ip_frag.o
        88          8          0          0          0        555   led.o
       130         26          0          0         48       1720   lwip_demo.o
        68         14          0          0          0     304779   main.o
      1768        508          0         12      40980       5405   mem.o
       484        142         40          0      19563       4238   memp.o
       160         14          0          0          0       1558   misc.o
       420         68          0          0          0       2849   myiic.o
       456         46          0          9          0       7742   netif.o
      1022         38       6080          0       1024       7708   oled.o
      2912       1008          0          1          0      21127   pbuf.o
       116         14          0          4          0       1588   raw.o
       248         14          0          0          0       1265   spi.o
        64         26        392          0       1536        852   startup_stm32f40_41xxx.o
        64         14        152          0        344       3930   stats.o
       184         16          0          0          0       2104   stm32f4xx_exti.o
       230          0          0          0          0       3461   stm32f4xx_gpio.o
        26          0          0          0          0       4130   stm32f4xx_it.o
       360         42          0         16          0       5252   stm32f4xx_rcc.o
       112          0          0          0          0       3510   stm32f4xx_spi.o
        64          4          0          0          0        660   stm32f4xx_syscfg.o
       214         28          0          0          0       3698   stm32f4xx_tim.o
       404          8          0          0          0       4250   stm32f4xx_usart.o
       340         32          0          0          0       1497   system_stm32f4xx.o
      3762        766        189         36          0      26132   tcp.o
      7496       1072          0         32         20      18639   tcp_in.o
      2830        370         85          0          0      11651   tcp_out.o
       148         20          0          4          0       1946   timer.o
       576        140          0         12          0       4766   timers.o
       650         58          0          8          0       3974   udp.o
       340         28          0          6        200       4292   usart.o

    ----------------------------------------------------------------------
     39018       7796       7770        192      66916     551440   Object Totals
         0          0         32          0          0          0   (incl. Generated)
        46          0          8          9          1          0   (incl. Padding)

    ----------------------------------------------------------------------

      Code (inc. data)   RO Data    RW Data    ZI Data      Debug   Library Member Name

         8          0          0          0          0         68   __main.o
       312          4         17          0          0         92   __printf_flags_wp.o
        14          0          0          0          0         68   __printf_wp.o
         0          0          0          0          0          0   __rtentry.o
        12          0          0          0          0          0   __rtentry2.o
         6          0          0          0          0          0   __rtentry4.o
        52          8          0          0          0          0   __scatter.o
        26          0          0          0          0          0   __scatter_copy.o
        28          0          0          0          0          0   __scatter_zi.o
         6          0          0          0          0          0   _printf_c.o
        44          0          0          0          0        108   _printf_char.o
        48          6          0          0          0         96   _printf_char_common.o
        36          4          0          0          0         80   _printf_char_file.o
         6          0          0          0          0          0   _printf_d.o
       120         16          0          0          0         92   _printf_dec.o
       124          4         40          0          0        144   _printf_hex_int_ptr.o
       178          0          0          0          0         88   _printf_intcommon.o
         6          0          0          0          0          0   _printf_p.o
        78          0          0          0          0        108   _printf_pad.o
         0          0          0          0          0          0   _printf_percent.o
         4          0          0          0          0          0   _printf_percent_end.o
         6          0          0          0          0          0   _printf_s.o
        82          0          0          0          0         80   _printf_str.o
         6          0          0          0          0          0   _printf_u.o
         6          0          0          0          0          0   _printf_x.o
        12          0          0          0          0         72   exit.o
         8          0          0          0          0         68   ferror.o
         6          0          0          0          0        152   heapauxi.o
         2          0          0          0          0          0   libinit.o
         6          0          0          0          0          0   libinit2.o
         2          0          0          0          0          0   libshutdown.o
         2          0          0          0          0          0   libshutdown2.o
         8          4          0          0         96         68   libspace.o
        88          0          0          0          0         76   memcmp.o
        24          4          0          0          0         84   noretval__2printf.o
        68          0          0          0          0         68   rt_memclr.o
        78          0          0          0          0         80   rt_memclr_w.o
       138          0          0          0          0         68   rt_memcpy_v6.o
       100          0          0          0          0         80   rt_memcpy_w.o
         2          0          0          0          0          0   rtexit.o
        10          0          0          0          0          0   rtexit2.o
        74          0          0          0          0         80   sys_stackheap_outer.o
         2          0          0          0          0         68   use_no_semi.o
         2          0          0          0          0         68   use_no_semi_2.o
        10          0          0          0          0        116   fpinit.o

    ----------------------------------------------------------------------
      1860         50         60          0        100       2172   Library Totals
        10          0          3          0          4          0   (incl. Padding)

    ----------------------------------------------------------------------

      Code (inc. data)   RO Data    RW Data    ZI Data      Debug   Library Name

      1840         50         57          0         96       2056   c_w.l
        10          0          0          0          0        116   fz_wm.l

    ----------------------------------------------------------------------
      1860         50         60          0        100       2172   Library Totals

    ----------------------------------------------------------------------

==============================================================================


      Code (inc. data)   RO Data    RW Data    ZI Data      Debug   

     40878       7846       7830        192      67016     531372   Grand Totals
     40878       7846       7830        192      67016     531372   ELF Image Totals
     40878       7846       7830        192          0          0   ROM Totals

==============================================================================

    Total RO  Size (Code + RO Data)                48708 (  47.57kB)
    Total RW  Size (RW Data + ZI Data)             67208 (  65.63kB)
    Total ROM Size (Code + RO Data + RW Data)      48900 (  47.75kB)

==============================================================================

